Archive member included to satisfy reference by file (symbol)

g:/works/canhan/fsoft/sw/nxp/mcuxpressoide_11.7.1_9221/ide/plugins/com.nxp.mcuxpresso.tools.win32_11.7.1.202301190959/tools/bin/../lib/gcc/arm-none-eabi/10.3.1/../../../../arm-none-eabi/lib/thumb/v6-m/nofp\libcr_nohost_nf.a(_cr__main.o)
                              ./startup/startup_mke16z4.o (__main)
g:/works/canhan/fsoft/sw/nxp/mcuxpressoide_11.7.1_9221/ide/plugins/com.nxp.mcuxpresso.tools.win32_11.7.1.202301190959/tools/bin/../lib/gcc/arm-none-eabi/10.3.1/../../../../arm-none-eabi/lib/thumb/v6-m/nofp\libcr_c.a(initio.o)
                              g:/works/canhan/fsoft/sw/nxp/mcuxpressoide_11.7.1_9221/ide/plugins/com.nxp.mcuxpresso.tools.win32_11.7.1.202301190959/tools/bin/../lib/gcc/arm-none-eabi/10.3.1/../../../../arm-none-eabi/lib/thumb/v6-m/nofp\libcr_nohost_nf.a(_cr__main.o) (_initio)
g:/works/canhan/fsoft/sw/nxp/mcuxpressoide_11.7.1_9221/ide/plugins/com.nxp.mcuxpresso.tools.win32_11.7.1.202301190959/tools/bin/../lib/gcc/arm-none-eabi/10.3.1/../../../../arm-none-eabi/lib/thumb/v6-m/nofp\libcr_c.a(setvbuf.o)
                              g:/works/canhan/fsoft/sw/nxp/mcuxpressoide_11.7.1_9221/ide/plugins/com.nxp.mcuxpresso.tools.win32_11.7.1.202301190959/tools/bin/../lib/gcc/arm-none-eabi/10.3.1/../../../../arm-none-eabi/lib/thumb/v6-m/nofp\libcr_c.a(initio.o) (setvbuf)
g:/works/canhan/fsoft/sw/nxp/mcuxpressoide_11.7.1_9221/ide/plugins/com.nxp.mcuxpresso.tools.win32_11.7.1.202301190959/tools/bin/../lib/gcc/arm-none-eabi/10.3.1/../../../../arm-none-eabi/lib/thumb/v6-m/nofp\libcr_c.a(_fdopen.o)
                              g:/works/canhan/fsoft/sw/nxp/mcuxpressoide_11.7.1_9221/ide/plugins/com.nxp.mcuxpresso.tools.win32_11.7.1.202301190959/tools/bin/../lib/gcc/arm-none-eabi/10.3.1/../../../../arm-none-eabi/lib/thumb/v6-m/nofp\libcr_c.a(initio.o) (_fdopen)
g:/works/canhan/fsoft/sw/nxp/mcuxpressoide_11.7.1_9221/ide/plugins/com.nxp.mcuxpresso.tools.win32_11.7.1.202301190959/tools/bin/../lib/gcc/arm-none-eabi/10.3.1/../../../../arm-none-eabi/lib/thumb/v6-m/nofp\libcr_c.a(fclose.o)
                              g:/works/canhan/fsoft/sw/nxp/mcuxpressoide_11.7.1_9221/ide/plugins/com.nxp.mcuxpresso.tools.win32_11.7.1.202301190959/tools/bin/../lib/gcc/arm-none-eabi/10.3.1/../../../../arm-none-eabi/lib/thumb/v6-m/nofp\libcr_c.a(initio.o) (fclose)
g:/works/canhan/fsoft/sw/nxp/mcuxpressoide_11.7.1_9221/ide/plugins/com.nxp.mcuxpresso.tools.win32_11.7.1.202301190959/tools/bin/../lib/gcc/arm-none-eabi/10.3.1/../../../../arm-none-eabi/lib/thumb/v6-m/nofp\libcr_c.a(fflush.o)
                              g:/works/canhan/fsoft/sw/nxp/mcuxpressoide_11.7.1_9221/ide/plugins/com.nxp.mcuxpresso.tools.win32_11.7.1.202301190959/tools/bin/../lib/gcc/arm-none-eabi/10.3.1/../../../../arm-none-eabi/lib/thumb/v6-m/nofp\libcr_c.a(fclose.o) (fflush)
g:/works/canhan/fsoft/sw/nxp/mcuxpressoide_11.7.1_9221/ide/plugins/com.nxp.mcuxpresso.tools.win32_11.7.1.202301190959/tools/bin/../lib/gcc/arm-none-eabi/10.3.1/../../../../arm-none-eabi/lib/thumb/v6-m/nofp\libcr_c.a(fseek.o)
                              g:/works/canhan/fsoft/sw/nxp/mcuxpressoide_11.7.1_9221/ide/plugins/com.nxp.mcuxpresso.tools.win32_11.7.1.202301190959/tools/bin/../lib/gcc/arm-none-eabi/10.3.1/../../../../arm-none-eabi/lib/thumb/v6-m/nofp\libcr_c.a(_fdopen.o) (fseek)
g:/works/canhan/fsoft/sw/nxp/mcuxpressoide_11.7.1_9221/ide/plugins/com.nxp.mcuxpresso.tools.win32_11.7.1.202301190959/tools/bin/../lib/gcc/arm-none-eabi/10.3.1/../../../../arm-none-eabi/lib/thumb/v6-m/nofp\libcr_c.a(ftell.o)
                              g:/works/canhan/fsoft/sw/nxp/mcuxpressoide_11.7.1_9221/ide/plugins/com.nxp.mcuxpresso.tools.win32_11.7.1.202301190959/tools/bin/../lib/gcc/arm-none-eabi/10.3.1/../../../../arm-none-eabi/lib/thumb/v6-m/nofp\libcr_c.a(fseek.o) (ftell)
g:/works/canhan/fsoft/sw/nxp/mcuxpressoide_11.7.1_9221/ide/plugins/com.nxp.mcuxpresso.tools.win32_11.7.1.202301190959/tools/bin/../lib/gcc/arm-none-eabi/10.3.1/../../../../arm-none-eabi/lib/thumb/v6-m/nofp\libcr_c.a(remove.o)
                              g:/works/canhan/fsoft/sw/nxp/mcuxpressoide_11.7.1_9221/ide/plugins/com.nxp.mcuxpresso.tools.win32_11.7.1.202301190959/tools/bin/../lib/gcc/arm-none-eabi/10.3.1/../../../../arm-none-eabi/lib/thumb/v6-m/nofp\libcr_c.a(fclose.o) (remove)
g:/works/canhan/fsoft/sw/nxp/mcuxpressoide_11.7.1_9221/ide/plugins/com.nxp.mcuxpresso.tools.win32_11.7.1.202301190959/tools/bin/../lib/gcc/arm-none-eabi/10.3.1/../../../../arm-none-eabi/lib/thumb/v6-m/nofp\libcr_c.a(strlen.o)
                              g:/works/canhan/fsoft/sw/nxp/mcuxpressoide_11.7.1_9221/ide/plugins/com.nxp.mcuxpresso.tools.win32_11.7.1.202301190959/tools/bin/../lib/gcc/arm-none-eabi/10.3.1/../../../../arm-none-eabi/lib/thumb/v6-m/nofp\libcr_c.a(remove.o) (strlen)
[...]
Memory Configuration

Name             Origin             Length             Attributes
PROGRAM_FLASH    0x00000000         0x00010000         xr
SRAM             0x1ffff800         0x00002000         xrw
*default*        0x00000000         0xffffffff

Linker script and memory map

LOAD ./startup/startup_mke16z4.o
LOAD ./source/LPIT.o
LOAD ./source/mtb.o
LOAD ./source/semihost_hardfault.o
LOAD ./device/system_MKE16Z4.o
START GROUP
LOAD g:/works/canhan/fsoft/sw/nxp/mcuxpressoide_11.7.1_9221/ide/plugins/com.nxp.mcuxpresso.tools.win32_11.7.1.202301190959/tools/bin/../lib/gcc/arm-none-eabi/10.3.1/../../../../arm-none-eabi/lib/thumb/v6-m/nofp\libcr_nohost_nf.a
LOAD g:/works/canhan/fsoft/sw/nxp/mcuxpressoide_11.7.1_9221/ide/plugins/com.nxp.mcuxpresso.tools.win32_11.7.1.202301190959/tools/bin/../lib/gcc/arm-none-eabi/10.3.1/../../../../arm-none-eabi/lib/thumb/v6-m/nofp\libcr_c.a
LOAD g:/works/canhan/fsoft/sw/nxp/mcuxpressoide_11.7.1_9221/ide/plugins/com.nxp.mcuxpresso.tools.win32_11.7.1.202301190959/tools/bin/../lib/gcc/arm-none-eabi/10.3.1/thumb/v6-m/nofp\libcr_eabihelpers.a
LOAD g:/works/canhan/fsoft/sw/nxp/mcuxpressoide_11.7.1_9221/ide/plugins/com.nxp.mcuxpresso.tools.win32_11.7.1.202301190959/tools/bin/../lib/gcc/arm-none-eabi/10.3.1/thumb/v6-m/nofp\libgcc.a
END GROUP
                0x00000000                __base_PROGRAM_FLASH = 0x0
                0x00000000                __base_Flash = 0x0
                0x00010000                __top_PROGRAM_FLASH = 0x10000
                0x00010000                __top_Flash = 0x10000
                0x1ffff800                __base_SRAM = 0x1ffff800
                0x1ffff800                __base_RAM = 0x1ffff800
                0x20001800                __top_SRAM = 0x20001800
                0x20001800                __top_RAM = 0x20001800

.text           0x00000000      0xc4c
 FILL mask 0xff
                0x00000000                __vectors_start__ = ABSOLUTE (.)
 *(SORT_BY_ALIGNMENT(.isr_vector))
 .isr_vector    0x00000000       0xc0 ./startup/startup_mke16z4.o
                0x00000000                g_pfnVectors
                0x00000000                __Vectors
                0x000000c0                . = ALIGN (0x4)
                0x000000c0                __section_table_start = .
                0x000000c0                __data_section_table = .
                0x000000c0        0x4 LONG 0xc4c LOADADDR (.data)
                0x000000c4        0x4 LONG 0x1ffff880 ADDR (.data)
                0x000000c8        0x4 LONG 0x0 SIZEOF (.data)
                0x000000cc                __data_section_table_end = .
                0x000000cc                __bss_section_table = .
                0x000000cc        0x4 LONG 0x1ffff880 ADDR (.bss)
                0x000000d0        0x4 LONG 0xb8 SIZEOF (.bss)
                0x000000d4                __bss_section_table_end = .
                0x000000d4                __section_table_end = .
 *(SORT_BY_ALIGNMENT(.after_vectors*))
 .after_vectors.reset
                0x000000d4       0x4c ./startup/startup_mke16z4.o
                0x000000d4                ResetISR
 .after_vectors.init_data
                0x00000120       0x12 ./startup/startup_mke16z4.o
                0x00000120                data_init
 .after_vectors.init_bss
                0x00000132       0x10 ./startup/startup_mke16z4.o
                0x00000132                bss_init
 .after_vectors
                0x00000142      0x10c ./startup/startup_mke16z4.o
                0x00000142                NMI_Handler
                0x00000146                SVC_Handler
                0x00000148                PendSV_Handler
                0x0000014a                SysTick_Handler
                0x0000014c                Reserved37_DriverIRQHandler
                0x0000014c                Reserved39_DriverIRQHandler
                0x0000014c                MSCAN_DriverIRQHandler
                0x0000014c                FTM1_DriverIRQHandler
                0x0000014c                LPI2C0_DriverIRQHandler
                0x0000014c                CMP0_DriverIRQHandler
                0x0000014c                ADC0_DriverIRQHandler
                0x0000014c                PWT_LPTMR0_DriverIRQHandler
                0x0000014c                Reserved27_DriverIRQHandler
                0x0000014c                PORTBCD_DriverIRQHandler
                0x0000014c                LPUART0_DriverIRQHandler
                0x0000014c                LPIT0_DriverIRQHandler
                0x0000014c                Reserved17_DriverIRQHandler
                0x0000014c                Reserved16_DriverIRQHandler
                0x0000014c                TSI_DriverIRQHandler
                0x0000014c                FTFA_DriverIRQHandler
                0x0000014c                FTM0_DriverIRQHandler
                0x0000014c                IntDefaultHandler
                0x0000014c                PORTAE_DriverIRQHandler
                0x0000014c                SCG_RCM_DriverIRQHandler
                0x0000014c                Reserved35_DriverIRQHandler
                0x0000014c                LPUART2_DriverIRQHandler
                0x0000014c                LVD_LVW_DriverIRQHandler
                0x0000014c                Reserved25_DriverIRQHandler
                0x0000014c                Reserved19_DriverIRQHandler
                0x0000014c                RTC_DriverIRQHandler
                0x0000014c                LPSPI0_DriverIRQHandler
                0x0000014c                Reserved20_DriverIRQHandler
                0x0000014c                PDB0_DriverIRQHandler
                0x0000014c                LPUART1_DriverIRQHandler
                0x0000014c                WDOG_EWM_DriverIRQHandler
                0x0000014c                Reserved18_DriverIRQHandler
                0x0000014e                Reserved16_IRQHandler
                0x00000156                Reserved17_IRQHandler
                0x0000015e                Reserved18_IRQHandler
                0x00000166                Reserved19_IRQHandler
                0x0000016e                Reserved20_IRQHandler
                0x00000176                FTFA_IRQHandler
                0x0000017e                LVD_LVW_IRQHandler
                0x00000186                PORTAE_IRQHandler
                0x0000018e                LPI2C0_IRQHandler
                0x00000196                Reserved25_IRQHandler
                0x0000019e                LPSPI0_IRQHandler
                0x000001a6                Reserved27_IRQHandler
                0x000001ae                LPUART0_IRQHandler
                0x000001b6                LPUART1_IRQHandler
                0x000001be                LPUART2_IRQHandler
                0x000001c6                ADC0_IRQHandler
                0x000001ce                CMP0_IRQHandler
                0x000001d6                FTM0_IRQHandler
                0x000001de                FTM1_IRQHandler
                0x000001e6                Reserved35_IRQHandler
                0x000001ee                RTC_IRQHandler
                0x000001f6                Reserved37_IRQHandler
                0x00000206                Reserved39_IRQHandler
                0x0000020e                TSI_IRQHandler
                0x00000216                PDB0_IRQHandler
                0x0000021e                PORTBCD_IRQHandler
                0x00000226                SCG_RCM_IRQHandler
                0x0000022e                WDOG_EWM_IRQHandler
                0x00000236                PWT_LPTMR0_IRQHandler
                0x0000023e                MSCAN_Rx_IRQHandler
                0x00000246                MSCAN_ORed_IRQHandler
                0x00000400                . = 0x400
 *fill*         0x0000024e      0x1b2 ff
                0x00000400                PROVIDE (__FLASH_CONFIG_START__ = .)
 *(SORT_BY_ALIGNMENT(.FlashConfig))
 .FlashConfig   0x00000400       0x10 ./startup/startup_mke16z4.o
                0x00000400                Flash_Config
                0x00000410                PROVIDE (__FLASH_CONFIG_END__ = .)
                0x00000001                ASSERT (! ((__FLASH_CONFIG_START__ == __FLASH_CONFIG_END__)), Linker Flash Config Support Enabled, but no .FlashConfig section provided within application)
 *(SORT_BY_ALIGNMENT(.text*))
 .text.__NVIC_EnableIRQ
                0x00000410       0x34 ./source/LPIT.o
 .text.init     0x00000444      0x1d4 ./source/LPIT.o
                0x00000444                init
 .text.LPIT0_IRQHandler
                0x00000618       0x2c ./source/LPIT.o
                0x00000618                LPIT0_IRQHandler
 .text.HardFault_Handler
                0x00000644       0x30 ./source/semihost_hardfault.o
                0x00000644                HardFault_Handler
 .text.SystemInit
                0x00000674       0x5c ./device/system_MKE16Z4.o
                0x00000674                SystemInit
 .text._initio  0x000006d0       0x7c g:/works/canhan/fsoft/sw/nxp/mcuxpressoide_11.7.1_9221/ide/plugins/com.nxp.mcuxpresso.tools.win32_11.7.1.202301190959/tools/bin/../lib/gcc/arm-none-eabi/10.3.1/../../../../arm-none-eabi/lib/thumb/v6-m/nofp\libcr_c.a(initio.o)
                0x000006d0                _initio
 .text.setvbuf  0x0000074c       0x4c g:/works/canhan/fsoft/sw/nxp/mcuxpressoide_11.7.1_9221/ide/plugins/com.nxp.mcuxpresso.tools.win32_11.7.1.202301190959/tools/bin/../lib/gcc/arm-none-eabi/10.3.1/../../../../arm-none-eabi/lib/thumb/v6-m/nofp\libcr_c.a(setvbuf.o)
                0x0000074c                setvbuf
 .text._fdopen  0x00000798       0x74 g:/works/canhan/fsoft/sw/nxp/mcuxpressoide_11.7.1_9221/ide/plugins/com.nxp.mcuxpresso.tools.win32_11.7.1.202301190959/tools/bin/../lib/gcc/arm-none-eabi/10.3.1/../../../../arm-none-eabi/lib/thumb/v6-m/nofp\libcr_c.a(_fdopen.o)
                0x00000798                _fdopen
 .text.fclose   0x0000080c       0x5c g:/works/canhan/fsoft/sw/nxp/mcuxpressoide_11.7.1_9221/ide/plugins/com.nxp.mcuxpresso.tools.win32_11.7.1.202301190959/tools/bin/../lib/gcc/arm-none-eabi/10.3.1/../../../../arm-none-eabi/lib/thumb/v6-m/nofp\libcr_c.a(fclose.o)
                0x0000080c                fclose
 .text.fflush   0x00000868       0x44 g:/works/canhan/fsoft/sw/nxp/mcuxpressoide_11.7.1_9221/ide/plugins/com.nxp.mcuxpresso.tools.win32_11.7.1.202301190959/tools/bin/../lib/gcc/arm-none-eabi/10.3.1/../../../../arm-none-eabi/lib/thumb/v6-m/nofp\libcr_c.a(fflush.o)
                0x00000868                fflush
 .text.fseek    0x000008ac       0xf0 g:/works/canhan/fsoft/sw/nxp/mcuxpressoide_11.7.1_9221/ide/plugins/com.nxp.mcuxpresso.tools.win32_11.7.1.202301190959/tools/bin/../lib/gcc/arm-none-eabi/10.3.1/../../../../arm-none-eabi/lib/thumb/v6-m/nofp\libcr_c.a(fseek.o)
                0x000008ac                fseek
 .text.ftell    0x0000099c       0x48 g:/works/canhan/fsoft/sw/nxp/mcuxpressoide_11.7.1_9221/ide/plugins/com.nxp.mcuxpresso.tools.win32_11.7.1.202301190959/tools/bin/../lib/gcc/arm-none-eabi/10.3.1/../../../../arm-none-eabi/lib/thumb/v6-m/nofp\libcr_c.a(ftell.o)
                0x0000099c                ftell
 .text.strlen   0x000009e4       0x58 g:/works/canhan/fsoft/sw/nxp/mcuxpressoide_11.7.1_9221/ide/plugins/com.nxp.mcuxpresso.tools.win32_11.7.1.202301190959/tools/bin/../lib/gcc/arm-none-eabi/10.3.1/../../../../arm-none-eabi/lib/thumb/v6-m/nofp\libcr_c.a(strlen.o)
                0x000009e4                strlen
 .text._do_fflush
                0x00000a3c       0x48 g:/works/canhan/fsoft/sw/nxp/mcuxpressoide_11.7.1_9221/ide/plugins/com.nxp.mcuxpresso.tools.win32_11.7.1.202301190959/tools/bin/../lib/gcc/arm-none-eabi/10.3.1/../../../../arm-none-eabi/lib/thumb/v6-m/nofp\libcr_c.a(_do_fflush.o)
                0x00000a3c                _do_fflush
 .text._fflush  0x00000a84       0x60 g:/works/canhan/fsoft/sw/nxp/mcuxpressoide_11.7.1_9221/ide/plugins/com.nxp.mcuxpresso.tools.win32_11.7.1.202301190959/tools/bin/../lib/gcc/arm-none-eabi/10.3.1/../../../../arm-none-eabi/lib/thumb/v6-m/nofp\libcr_c.a(_fflush.o)
                0x00000a84                _fflush
 .text._Cwritebuf
                0x00000ae4       0x68 g:/works/canhan/fsoft/sw/nxp/mcuxpressoide_11.7.1_9221/ide/plugins/com.nxp.mcuxpresso.tools.win32_11.7.1.202301190959/tools/bin/../lib/gcc/arm-none-eabi/10.3.1/../../../../arm-none-eabi/lib/thumb/v6-m/nofp\libcr_c.a(_writebuf.o)
                0x00000ae4                _Cwritebuf
 .text._deferredlazyseek
                0x00000b4c       0x40 g:/works/canhan/fsoft/sw/nxp/mcuxpressoide_11.7.1_9221/ide/plugins/com.nxp.mcuxpresso.tools.win32_11.7.1.202301190959/tools/bin/../lib/gcc/arm-none-eabi/10.3.1/../../../../arm-none-eabi/lib/thumb/v6-m/nofp\libcr_c.a(_deferredlazyseek.o)
                0x00000b4c                _deferredlazyseek
 .text.main     0x00000b8c        0xa ./source/LPIT.o
                0x00000b8c                main
 .text.SystemInitHook
                0x00000b96        0xa ./device/system_MKE16Z4.o
                0x00000b96                SystemInitHook
 .text.__main   0x00000ba0        0xc g:/works/canhan/fsoft/sw/nxp/mcuxpressoide_11.7.1_9221/ide/plugins/com.nxp.mcuxpresso.tools.win32_11.7.1.202301190959/tools/bin/../lib/gcc/arm-none-eabi/10.3.1/../../../../arm-none-eabi/lib/thumb/v6-m/nofp\libcr_nohost_nf.a(_cr__main.o)
                0x00000ba0                __main
 .text.remove   0x00000bac       0x12 g:/works/canhan/fsoft/sw/nxp/mcuxpressoide_11.7.1_9221/ide/plugins/com.nxp.mcuxpresso.tools.win32_11.7.1.202301190959/tools/bin/../lib/gcc/arm-none-eabi/10.3.1/../../../../arm-none-eabi/lib/thumb/v6-m/nofp\libcr_c.a(remove.o)
                0x00000bac                remove
 .text.memset   0x00000bbe        0x8 g:/works/canhan/fsoft/sw/nxp/mcuxpressoide_11.7.1_9221/ide/plugins/com.nxp.mcuxpresso.tools.win32_11.7.1.202301190959/tools/bin/../lib/gcc/arm-none-eabi/10.3.1/../../../../arm-none-eabi/lib/thumb/v6-m/nofp\libcr_c.a(memset.o)
                0x00000bbe                memset
 .text.free     0x00000bc6       0x2c g:/works/canhan/fsoft/sw/nxp/mcuxpressoide_11.7.1_9221/ide/plugins/com.nxp.mcuxpresso.tools.win32_11.7.1.202301190959/tools/bin/../lib/gcc/arm-none-eabi/10.3.1/../../../../arm-none-eabi/lib/thumb/v6-m/nofp\libcr_c.a(alloc.o)
                0x00000bc6                free
 .text.__aeabi_memset_lowlevel
                0x00000bf2       0x2a g:/works/canhan/fsoft/sw/nxp/mcuxpressoide_11.7.1_9221/ide/plugins/com.nxp.mcuxpresso.tools.win32_11.7.1.202301190959/tools/bin/../lib/gcc/arm-none-eabi/10.3.1/thumb/v6-m/nofp\libcr_eabihelpers.a(memcpy.o)
                0x00000bf2                __aeabi_lowlevel_memset
 .text.__sys_close
                0x00000c1c        0x6 g:/works/canhan/fsoft/sw/nxp/mcuxpressoide_11.7.1_9221/ide/plugins/com.nxp.mcuxpresso.tools.win32_11.7.1.202301190959/tools/bin/../lib/gcc/arm-none-eabi/10.3.1/../../../../arm-none-eabi/lib/thumb/v6-m/nofp\libcr_nohost_nf.a(__sys_close.o)
                0x00000c1c                __sys_close
 .text.__sys_flen
                0x00000c22        0x6 g:/works/canhan/fsoft/sw/nxp/mcuxpressoide_11.7.1_9221/ide/plugins/com.nxp.mcuxpresso.tools.win32_11.7.1.202301190959/tools/bin/../lib/gcc/arm-none-eabi/10.3.1/../../../../arm-none-eabi/lib/thumb/v6-m/nofp\libcr_nohost_nf.a(__sys_flen.o)
                0x00000c22                __sys_flen
 .text.__sys_istty
                0x00000c28        0x6 g:/works/canhan/fsoft/sw/nxp/mcuxpressoide_11.7.1_9221/ide/plugins/com.nxp.mcuxpresso.tools.win32_11.7.1.202301190959/tools/bin/../lib/gcc/arm-none-eabi/10.3.1/../../../../arm-none-eabi/lib/thumb/v6-m/nofp\libcr_nohost_nf.a(__sys_istty.o)
                0x00000c28                __sys_istty
 .text.__sys_remove
                0x00000c2e        0x6 g:/works/canhan/fsoft/sw/nxp/mcuxpressoide_11.7.1_9221/ide/plugins/com.nxp.mcuxpresso.tools.win32_11.7.1.202301190959/tools/bin/../lib/gcc/arm-none-eabi/10.3.1/../../../../arm-none-eabi/lib/thumb/v6-m/nofp\libcr_nohost_nf.a(__sys_remove.o)
                0x00000c2e                __sys_remove
 .text.__sys_seek
                0x00000c34        0x6 g:/works/canhan/fsoft/sw/nxp/mcuxpressoide_11.7.1_9221/ide/plugins/com.nxp.mcuxpresso.tools.win32_11.7.1.202301190959/tools/bin/../lib/gcc/arm-none-eabi/10.3.1/../../../../arm-none-eabi/lib/thumb/v6-m/nofp\libcr_nohost_nf.a(__sys_seek.o)
                0x00000c34                __sys_seek
 .text.__sys_tmpnam
                0x00000c3a        0x6 g:/works/canhan/fsoft/sw/nxp/mcuxpressoide_11.7.1_9221/ide/plugins/com.nxp.mcuxpresso.tools.win32_11.7.1.202301190959/tools/bin/../lib/gcc/arm-none-eabi/10.3.1/../../../../arm-none-eabi/lib/thumb/v6-m/nofp\libcr_nohost_nf.a(__sys_tmpnam.o)
                0x00000c3a                __sys_tmpnam
 .text.__sys_write
                0x00000c40        0x4 g:/works/canhan/fsoft/sw/nxp/mcuxpressoide_11.7.1_9221/ide/plugins/com.nxp.mcuxpresso.tools.win32_11.7.1.202301190959/tools/bin/../lib/gcc/arm-none-eabi/10.3.1/../../../../arm-none-eabi/lib/thumb/v6-m/nofp\libcr_nohost_nf.a(__sys_write.o)
                0x00000c40                __sys_write
 *(SORT_BY_ALIGNMENT(.rodata) SORT_BY_ALIGNMENT(.rodata.*) SORT_BY_ALIGNMENT(.constdata) SORT_BY_ALIGNMENT(.constdata.*))
 .rodata.__num_Ciob_streams
                0x00000c44        0x4 g:/works/canhan/fsoft/sw/nxp/mcuxpressoide_11.7.1_9221/ide/plugins/com.nxp.mcuxpresso.tools.win32_11.7.1.202301190959/tools/bin/../lib/gcc/arm-none-eabi/10.3.1/../../../../arm-none-eabi/lib/thumb/v6-m/nofp\libcr_nohost_nf.a(__ciob.o)
                0x00000c44                __num_Ciob_streams
 .rodata._initio.str1.1
                0x00000c48        0x4 g:/works/canhan/fsoft/sw/nxp/mcuxpressoide_11.7.1_9221/ide/plugins/com.nxp.mcuxpresso.tools.win32_11.7.1.202301190959/tools/bin/../lib/gcc/arm-none-eabi/10.3.1/../../../../arm-none-eabi/lib/thumb/v6-m/nofp\libcr_c.a(initio.o)
                0x00000c4c                . = ALIGN (0x4)

.glue_7         0x00000c4c        0x0
 .glue_7        0x00000c4c        0x0 linker stubs

.glue_7t        0x00000c4c        0x0
 .glue_7t       0x00000c4c        0x0 linker stubs

.vfp11_veneer   0x00000c4c        0x0
 .vfp11_veneer  0x00000c4c        0x0 linker stubs

.v4_bx          0x00000c4c        0x0
 .v4_bx         0x00000c4c        0x0 linker stubs

.iplt           0x00000c4c        0x0
 .iplt          0x00000c4c        0x0 ./startup/startup_mke16z4.o

.rel.dyn        0x00000c4c        0x0
 .rel.iplt      0x00000c4c        0x0 ./startup/startup_mke16z4.o

.ARM.extab
 *(SORT_BY_ALIGNMENT(.ARM.extab*) SORT_BY_ALIGNMENT(.gnu.linkonce.armextab.*))

.ARM.exidx      0x00000c4c        0x0
                0x00000c4c                __exidx_start = .
 *(SORT_BY_ALIGNMENT(.ARM.exidx*) SORT_BY_ALIGNMENT(.gnu.linkonce.armexidx.*))
                0x00000c4c                __exidx_end = .
                0x00000c4c                _etext = .

.mtb_buffer_default
                0x1ffff800       0x80
 *(SORT_BY_ALIGNMENT(.mtb*))
 .mtb.$RAM1     0x1ffff800       0x80 ./source/mtb.o
                0x1ffff800                __mtb_buffer__

.uninit_RESERVED
                0x1ffff880        0x0
                0x1ffff880                _start_uninit_RESERVED = .
 *(SORT_BY_ALIGNMENT(.bss.$RESERVED*))
                0x1ffff880                . = ALIGN (0x4)
                0x1ffff880                _end_uninit_RESERVED = .

.data           0x1ffff880        0x0 load address 0x00000c4c
 FILL mask 0xff
                0x1ffff880                _data = .
                [!provide]                PROVIDE (__start_data_RAM = .)
                [!provide]                PROVIDE (__start_data_SRAM = .)
 *(SORT_BY_ALIGNMENT(vtable))
 *(SORT_BY_ALIGNMENT(.ramfunc*))
 *(SORT_BY_ALIGNMENT(CodeQuickAccess))
 *(SORT_BY_ALIGNMENT(DataQuickAccess))
 *(SORT_BY_ALIGNMENT(RamFunction))
 *(SORT_BY_ALIGNMENT(.data*))
                0x1ffff880                . = ALIGN (0x4)
                0x1ffff880                _edata = .
                [!provide]                PROVIDE (__end_data_RAM = .)
                [!provide]                PROVIDE (__end_data_SRAM = .)

.igot.plt       0x1ffff880        0x0 load address 0x00000c4c
 .igot.plt      0x1ffff880        0x0 ./startup/startup_mke16z4.o

.bss            0x1ffff880       0xb8
                0x1ffff880                _bss = .
                [!provide]                PROVIDE (__start_bss_RAM = .)
                [!provide]                PROVIDE (__start_bss_SRAM = .)
 *(SORT_BY_ALIGNMENT(.bss*))
 .bss.errno     0x1ffff880        0x4 g:/works/canhan/fsoft/sw/nxp/mcuxpressoide_11.7.1_9221/ide/plugins/com.nxp.mcuxpresso.tools.win32_11.7.1.202301190959/tools/bin/../lib/gcc/arm-none-eabi/10.3.1/../../../../arm-none-eabi/lib/thumb/v6-m/nofp\libcr_c.a(errno.o)
                0x1ffff880                errno
 .bss.__Ciob    0x1ffff884       0xb4 g:/works/canhan/fsoft/sw/nxp/mcuxpressoide_11.7.1_9221/ide/plugins/com.nxp.mcuxpresso.tools.win32_11.7.1.202301190959/tools/bin/../lib/gcc/arm-none-eabi/10.3.1/../../../../arm-none-eabi/lib/thumb/v6-m/nofp\libcr_nohost_nf.a(__ciob.o)
                0x1ffff884                __Ciob
 *(SORT_BY_ALIGNMENT(COMMON))
                0x1ffff938                . = ALIGN (0x4)
                0x1ffff938                _ebss = .
                [!provide]                PROVIDE (__end_bss_RAM = .)
                [!provide]                PROVIDE (__end_bss_SRAM = .)
                [!provide]                PROVIDE (end = .)

.noinit         0x1ffff938        0x0
                0x1ffff938                _noinit = .
                [!provide]                PROVIDE (__start_noinit_RAM = .)
                [!provide]                PROVIDE (__start_noinit_SRAM = .)
 *(SORT_BY_ALIGNMENT(.noinit*))
                0x1ffff938                . = ALIGN (0x4)
                0x1ffff938                _end_noinit = .
                [!provide]                PROVIDE (__end_noinit_RAM = .)
                [!provide]                PROVIDE (__end_noinit_SRAM = .)
                0x00000200                _HeapSize = 0x200

.heap           0x1ffff938      0x200
                0x1ffff938                _pvHeapStart = .
                0x1ffffb38                . = (. + _HeapSize)
 *fill*         0x1ffff938      0x200 
                0x1ffffb38                . = ALIGN (0x4)
                0x1ffffb38                _pvHeapLimit = .
                0x00000200                _StackSize = 0x200

.heap2stackfill
                0x1ffffb38      0x200
                0x1ffffd38                . = (. + _StackSize)
 *fill*         0x1ffffb38      0x200 

.stack          0x20001600        0x0
                0x20001600                _vStackBase = .
                0x20001600                . = ALIGN (0x4)
                0x20001800                _vStackTop = (. + _StackSize)
                0x00000000                _image_start = LOADADDR (.text)
                0x00000c4c                _image_end = (LOADADDR (.data) + SIZEOF (.data))
                0x00000c4c                _image_size = (_image_end - _image_start)
OUTPUT(LPIT.axf elf32-littlearm)
LOAD linker stubs

.debug_info     0x00000000     0x10e4
 .debug_info    0x00000000      0x4e1 ./startup/startup_mke16z4.o
 .debug_info    0x000004e1      0x7f1 ./source/LPIT.o
 .debug_info    0x00000cd2       0x53 ./source/mtb.o
 .debug_info    0x00000d25       0x3c ./source/semihost_hardfault.o
 .debug_info    0x00000d61      0x383 ./device/system_MKE16Z4.o

.debug_abbrev   0x00000000      0x4fc
 .debug_abbrev  0x00000000      0x1b8 ./startup/startup_mke16z4.o
 .debug_abbrev  0x000001b8      0x185 ./source/LPIT.o
 .debug_abbrev  0x0000033d       0x46 ./source/mtb.o
 .debug_abbrev  0x00000383       0x31 ./source/semihost_hardfault.o
 .debug_abbrev  0x000003b4      0x148 ./device/system_MKE16Z4.o

.debug_aranges  0x00000000      0x200
 .debug_aranges
                0x00000000      0x160 ./startup/startup_mke16z4.o
 .debug_aranges
                0x00000160       0x38 ./source/LPIT.o
 .debug_aranges
                0x00000198       0x18 ./source/mtb.o
 .debug_aranges
                0x000001b0       0x20 ./source/semihost_hardfault.o
 .debug_aranges
                0x000001d0       0x30 ./device/system_MKE16Z4.o

.debug_ranges   0x00000000      0x1a8
 .debug_ranges  0x00000000      0x150 ./startup/startup_mke16z4.o
 .debug_ranges  0x00000150       0x28 ./source/LPIT.o
 .debug_ranges  0x00000178       0x10 ./source/semihost_hardfault.o
 .debug_ranges  0x00000188       0x20 ./device/system_MKE16Z4.o

.debug_macro    0x00000000     0x8f97
 .debug_macro   0x00000000       0x29 ./startup/startup_mke16z4.o
 .debug_macro   0x00000029      0xa7e ./startup/startup_mke16z4.o
 .debug_macro   0x00000aa7       0xbb ./source/LPIT.o
 .debug_macro   0x00000b62       0x3f ./source/LPIT.o
 .debug_macro   0x00000ba1       0x10 ./source/LPIT.o
 .debug_macro   0x00000bb1      0x12e ./source/LPIT.o
 .debug_macro   0x00000cdf      0x5b3 ./source/LPIT.o
 .debug_macro   0x00001292       0x1c ./source/LPIT.o
 .debug_macro   0x000012ae       0x22 ./source/LPIT.o
 .debug_macro   0x000012d0       0xd1 ./source/LPIT.o
 .debug_macro   0x000013a1      0x3ad ./source/LPIT.o
 .debug_macro   0x0000174e       0x3a ./source/LPIT.o
 .debug_macro   0x00001788     0x6d8e ./source/LPIT.o
 .debug_macro   0x00008516       0x2f ./source/mtb.o
 .debug_macro   0x00008545       0x82 ./source/mtb.o
 .debug_macro   0x000085c7       0x10 ./source/mtb.o
 .debug_macro   0x000085d7       0x11 ./source/semihost_hardfault.o
 .debug_macro   0x000085e8       0x97 ./device/system_MKE16Z4.o
 .debug_macro   0x0000867f       0x10 ./device/system_MKE16Z4.o
 .debug_macro   0x0000868f      0x908 ./device/system_MKE16Z4.o

.debug_line     0x00000000      0x99b
 .debug_line    0x00000000      0x1eb ./startup/startup_mke16z4.o
 .debug_line    0x000001eb      0x32b ./source/LPIT.o
 .debug_line    0x00000516       0xe7 ./source/mtb.o
 .debug_line    0x000005fd       0x59 ./source/semihost_hardfault.o
 .debug_line    0x00000656      0x345 ./device/system_MKE16Z4.o

.debug_str      0x00000000    0x3da0e
 .debug_str     0x00000000     0x30da ./startup/startup_mke16z4.o
                               0x30f7 (size before relaxing)
 .debug_str     0x000030da    0x36c65 ./source/LPIT.o
                              0x39b17 (size before relaxing)
 .debug_str     0x00039d3f      0x532 ./source/mtb.o
                               0x31d0 (size before relaxing)
 .debug_str     0x0003a271       0x1f ./source/semihost_hardfault.o
                               0x2cbd (size before relaxing)
 .debug_str     0x0003a290     0x377e ./device/system_MKE16Z4.o
                              0x3ce9f (size before relaxing)

.comment        0x00000000       0x49
 .comment       0x00000000       0x49 ./startup/startup_mke16z4.o
                                 0x4a (size before relaxing)
 .comment       0x00000049       0x4a ./source/LPIT.o
 .comment       0x00000049       0x4a ./source/mtb.o
 .comment       0x00000049       0x4a ./source/semihost_hardfault.o
 .comment       0x00000049       0x4a ./device/system_MKE16Z4.o
 .comment       0x00000049       0x4a g:/works/canhan/fsoft/sw/nxp/mcuxpressoide_11.7.1_9221/ide/plugins/com.nxp.mcuxpresso.tools.win32_11.7.1.202301190959/tools/bin/../lib/gcc/arm-none-eabi/10.3.1/../../../../arm-none-eabi/lib/thumb/v6-m/nofp\libcr_nohost_nf.a(_cr__main.o)
 .comment       0x00000049       0x4a g:/works/canhan/fsoft/sw/nxp/mcuxpressoide_11.7.1_9221/ide/plugins/com.nxp.mcuxpresso.tools.win32_11.7.1.202301190959/tools/bin/../lib/gcc/arm-none-eabi/10.3.1/../../../../arm-none-eabi/lib/thumb/v6-m/nofp\libcr_c.a(initio.o)
 .comment       0x00000049       0x4a g:/works/canhan/fsoft/sw/nxp/mcuxpressoide_11.7.1_9221/ide/plugins/com.nxp.mcuxpresso.tools.win32_11.7.1.202301190959/tools/bin/../lib/gcc/arm-none-eabi/10.3.1/../../../../arm-none-eabi/lib/thumb/v6-m/nofp\libcr_c.a(setvbuf.o)
 .comment       0x00000049       0x4a g:/works/canhan/fsoft/sw/nxp/mcuxpressoide_11.7.1_9221/ide/plugins/com.nxp.mcuxpresso.tools.win32_11.7.1.202301190959/tools/bin/../lib/gcc/arm-none-eabi/10.3.1/../../../../arm-none-eabi/lib/thumb/v6-m/nofp\libcr_c.a(_fdopen.o)
 .comment       0x00000049       0x4a g:/works/canhan/fsoft/sw/nxp/mcuxpressoide_11.7.1_9221/ide/plugins/com.nxp.mcuxpresso.tools.win32_11.7.1.202301190959/tools/bin/../lib/gcc/arm-none-eabi/10.3.1/../../../../arm-none-eabi/lib/thumb/v6-m/nofp\libcr_c.a(fclose.o)
 .comment       0x00000049       0x4a g:/works/canhan/fsoft/sw/nxp/mcuxpressoide_11.7.1_9221/ide/plugins/com.nxp.mcuxpresso.tools.win32_11.7.1.202301190959/tools/bin/../lib/gcc/arm-none-eabi/10.3.1/../../../../arm-none-eabi/lib/thumb/v6-m/nofp\libcr_c.a(fflush.o)
 .comment       0x00000049       0x4a g:/works/canhan/fsoft/sw/nxp/mcuxpressoide_11.7.1_9221/ide/plugins/com.nxp.mcuxpresso.tools.win32_11.7.1.202301190959/tools/bin/../lib/gcc/arm-none-eabi/10.3.1/../../../../arm-none-eabi/lib/thumb/v6-m/nofp\libcr_c.a(fseek.o)
 .comment       0x00000049       0x4a g:/works/canhan/fsoft/sw/nxp/mcuxpressoide_11.7.1_9221/ide/plugins/com.nxp.mcuxpresso.tools.win32_11.7.1.202301190959/tools/bin/../lib/gcc/arm-none-eabi/10.3.1/../../../../arm-none-eabi/lib/thumb/v6-m/nofp\libcr_c.a(ftell.o)
 .comment       0x00000049       0x4a g:/works/canhan/fsoft/sw/nxp/mcuxpressoide_11.7.1_9221/ide/plugins/com.nxp.mcuxpresso.tools.win32_11.7.1.202301190959/tools/bin/../lib/gcc/arm-none-eabi/10.3.1/../../../../arm-none-eabi/lib/thumb/v6-m/nofp\libcr_c.a(remove.o)
 .comment       0x00000049       0x4a g:/works/canhan/fsoft/sw/nxp/mcuxpressoide_11.7.1_9221/ide/plugins/com.nxp.mcuxpresso.tools.win32_11.7.1.202301190959/tools/bin/../lib/gcc/arm-none-eabi/10.3.1/../../../../arm-none-eabi/lib/thumb/v6-m/nofp\libcr_c.a(strlen.o)
 .comment       0x00000049       0x4a g:/works/canhan/fsoft/sw/nxp/mcuxpressoide_11.7.1_9221/ide/plugins/com.nxp.mcuxpresso.tools.win32_11.7.1.202301190959/tools/bin/../lib/gcc/arm-none-eabi/10.3.1/../../../../arm-none-eabi/lib/thumb/v6-m/nofp\libcr_c.a(memset.o)
 .comment       0x00000049       0x4a g:/works/canhan/fsoft/sw/nxp/mcuxpressoide_11.7.1_9221/ide/plugins/com.nxp.mcuxpresso.tools.win32_11.7.1.202301190959/tools/bin/../lib/gcc/arm-none-eabi/10.3.1/../../../../arm-none-eabi/lib/thumb/v6-m/nofp\libcr_c.a(_do_fflush.o)
 .comment       0x00000049       0x4a g:/works/canhan/fsoft/sw/nxp/mcuxpressoide_11.7.1_9221/ide/plugins/com.nxp.mcuxpresso.tools.win32_11.7.1.202301190959/tools/bin/../lib/gcc/arm-none-eabi/10.3.1/../../../../arm-none-eabi/lib/thumb/v6-m/nofp\libcr_c.a(_fflush.o)
 .comment       0x00000049       0x4a g:/works/canhan/fsoft/sw/nxp/mcuxpressoide_11.7.1_9221/ide/plugins/com.nxp.mcuxpresso.tools.win32_11.7.1.202301190959/tools/bin/../lib/gcc/arm-none-eabi/10.3.1/../../../../arm-none-eabi/lib/thumb/v6-m/nofp\libcr_c.a(_writebuf.o)
 .comment       0x00000049       0x4a g:/works/canhan/fsoft/sw/nxp/mcuxpressoide_11.7.1_9221/ide/plugins/com.nxp.mcuxpresso.tools.win32_11.7.1.202301190959/tools/bin/../lib/gcc/arm-none-eabi/10.3.1/../../../../arm-none-eabi/lib/thumb/v6-m/nofp\libcr_c.a(alloc.o)
 .comment       0x00000049       0x4a g:/works/canhan/fsoft/sw/nxp/mcuxpressoide_11.7.1_9221/ide/plugins/com.nxp.mcuxpresso.tools.win32_11.7.1.202301190959/tools/bin/../lib/gcc/arm-none-eabi/10.3.1/../../../../arm-none-eabi/lib/thumb/v6-m/nofp\libcr_c.a(errno.o)
 .comment       0x00000049       0x4a g:/works/canhan/fsoft/sw/nxp/mcuxpressoide_11.7.1_9221/ide/plugins/com.nxp.mcuxpresso.tools.win32_11.7.1.202301190959/tools/bin/../lib/gcc/arm-none-eabi/10.3.1/../../../../arm-none-eabi/lib/thumb/v6-m/nofp\libcr_c.a(_deferredlazyseek.o)
 .comment       0x00000049       0x4a g:/works/canhan/fsoft/sw/nxp/mcuxpressoide_11.7.1_9221/ide/plugins/com.nxp.mcuxpresso.tools.win32_11.7.1.202301190959/tools/bin/../lib/gcc/arm-none-eabi/10.3.1/../../../../arm-none-eabi/lib/thumb/v6-m/nofp\libcr_nohost_nf.a(__ciob.o)
 .comment       0x00000049       0x4a g:/works/canhan/fsoft/sw/nxp/mcuxpressoide_11.7.1_9221/ide/plugins/com.nxp.mcuxpresso.tools.win32_11.7.1.202301190959/tools/bin/../lib/gcc/arm-none-eabi/10.3.1/../../../../arm-none-eabi/lib/thumb/v6-m/nofp\libcr_nohost_nf.a(__sys_close.o)
 .comment       0x00000049       0x4a g:/works/canhan/fsoft/sw/nxp/mcuxpressoide_11.7.1_9221/ide/plugins/com.nxp.mcuxpresso.tools.win32_11.7.1.202301190959/tools/bin/../lib/gcc/arm-none-eabi/10.3.1/../../../../arm-none-eabi/lib/thumb/v6-m/nofp\libcr_nohost_nf.a(__sys_flen.o)
 .comment       0x00000049       0x4a g:/works/canhan/fsoft/sw/nxp/mcuxpressoide_11.7.1_9221/ide/plugins/com.nxp.mcuxpresso.tools.win32_11.7.1.202301190959/tools/bin/../lib/gcc/arm-none-eabi/10.3.1/../../../../arm-none-eabi/lib/thumb/v6-m/nofp\libcr_nohost_nf.a(__sys_istty.o)
 .comment       0x00000049       0x4a g:/works/canhan/fsoft/sw/nxp/mcuxpressoide_11.7.1_9221/ide/plugins/com.nxp.mcuxpresso.tools.win32_11.7.1.202301190959/tools/bin/../lib/gcc/arm-none-eabi/10.3.1/../../../../arm-none-eabi/lib/thumb/v6-m/nofp\libcr_nohost_nf.a(__sys_remove.o)
 .comment       0x00000049       0x4a g:/works/canhan/fsoft/sw/nxp/mcuxpressoide_11.7.1_9221/ide/plugins/com.nxp.mcuxpresso.tools.win32_11.7.1.202301190959/tools/bin/../lib/gcc/arm-none-eabi/10.3.1/../../../../arm-none-eabi/lib/thumb/v6-m/nofp\libcr_nohost_nf.a(__sys_seek.o)
 .comment       0x00000049       0x4a g:/works/canhan/fsoft/sw/nxp/mcuxpressoide_11.7.1_9221/ide/plugins/com.nxp.mcuxpresso.tools.win32_11.7.1.202301190959/tools/bin/../lib/gcc/arm-none-eabi/10.3.1/../../../../arm-none-eabi/lib/thumb/v6-m/nofp\libcr_nohost_nf.a(__sys_tmpnam.o)
 .comment       0x00000049       0x4a g:/works/canhan/fsoft/sw/nxp/mcuxpressoide_11.7.1_9221/ide/plugins/com.nxp.mcuxpresso.tools.win32_11.7.1.202301190959/tools/bin/../lib/gcc/arm-none-eabi/10.3.1/../../../../arm-none-eabi/lib/thumb/v6-m/nofp\libcr_nohost_nf.a(__sys_write.o)

.ARM.attributes
                0x00000000       0x2a
 .ARM.attributes
                0x00000000       0x2c ./startup/startup_mke16z4.o
 .ARM.attributes
                0x0000002c       0x2c ./source/LPIT.o
 .ARM.attributes
                0x00000058       0x2c ./source/mtb.o
 .ARM.attributes
                0x00000084       0x2c ./source/semihost_hardfault.o
 .ARM.attributes
                0x000000b0       0x2c ./device/system_MKE16Z4.o
 .ARM.attributes
                0x000000dc       0x2c g:/works/canhan/fsoft/sw/nxp/mcuxpressoide_11.7.1_9221/ide/plugins/com.nxp.mcuxpresso.tools.win32_11.7.1.202301190959/tools/bin/../lib/gcc/arm-none-eabi/10.3.1/../../../../arm-none-eabi/lib/thumb/v6-m/nofp\libcr_nohost_nf.a(_cr__main.o)
 .ARM.attributes
                0x00000108       0x2c g:/works/canhan/fsoft/sw/nxp/mcuxpressoide_11.7.1_9221/ide/plugins/com.nxp.mcuxpresso.tools.win32_11.7.1.202301190959/tools/bin/../lib/gcc/arm-none-eabi/10.3.1/../../../../arm-none-eabi/lib/thumb/v6-m/nofp\libcr_c.a(initio.o)
 .ARM.attributes
                0x00000134       0x2c g:/works/canhan/fsoft/sw/nxp/mcuxpressoide_11.7.1_9221/ide/plugins/com.nxp.mcuxpresso.tools.win32_11.7.1.202301190959/tools/bin/../lib/gcc/arm-none-eabi/10.3.1/../../../../arm-none-eabi/lib/thumb/v6-m/nofp\libcr_c.a(setvbuf.o)
 .ARM.attributes
                0x00000160       0x2c g:/works/canhan/fsoft/sw/nxp/mcuxpressoide_11.7.1_9221/ide/plugins/com.nxp.mcuxpresso.tools.win32_11.7.1.202301190959/tools/bin/../lib/gcc/arm-none-eabi/10.3.1/../../../../arm-none-eabi/lib/thumb/v6-m/nofp\libcr_c.a(_fdopen.o)
 .ARM.attributes
                0x0000018c       0x2c g:/works/canhan/fsoft/sw/nxp/mcuxpressoide_11.7.1_9221/ide/plugins/com.nxp.mcuxpresso.tools.win32_11.7.1.202301190959/tools/bin/../lib/gcc/arm-none-eabi/10.3.1/../../../../arm-none-eabi/lib/thumb/v6-m/nofp\libcr_c.a(fclose.o)
 .ARM.attributes
                0x000001b8       0x2c g:/works/canhan/fsoft/sw/nxp/mcuxpressoide_11.7.1_9221/ide/plugins/com.nxp.mcuxpresso.tools.win32_11.7.1.202301190959/tools/bin/../lib/gcc/arm-none-eabi/10.3.1/../../../../arm-none-eabi/lib/thumb/v6-m/nofp\libcr_c.a(fflush.o)
 .ARM.attributes
                0x000001e4       0x2c g:/works/canhan/fsoft/sw/nxp/mcuxpressoide_11.7.1_9221/ide/plugins/com.nxp.mcuxpresso.tools.win32_11.7.1.202301190959/tools/bin/../lib/gcc/arm-none-eabi/10.3.1/../../../../arm-none-eabi/lib/thumb/v6-m/nofp\libcr_c.a(fseek.o)
 .ARM.attributes
                0x00000210       0x2c g:/works/canhan/fsoft/sw/nxp/mcuxpressoide_11.7.1_9221/ide/plugins/com.nxp.mcuxpresso.tools.win32_11.7.1.202301190959/tools/bin/../lib/gcc/arm-none-eabi/10.3.1/../../../../arm-none-eabi/lib/thumb/v6-m/nofp\libcr_c.a(ftell.o)
 .ARM.attributes
                0x0000023c       0x2c g:/works/canhan/fsoft/sw/nxp/mcuxpressoide_11.7.1_9221/ide/plugins/com.nxp.mcuxpresso.tools.win32_11.7.1.202301190959/tools/bin/../lib/gcc/arm-none-eabi/10.3.1/../../../../arm-none-eabi/lib/thumb/v6-m/nofp\libcr_c.a(remove.o)
 .ARM.attributes
                0x00000268       0x2c g:/works/canhan/fsoft/sw/nxp/mcuxpressoide_11.7.1_9221/ide/plugins/com.nxp.mcuxpresso.tools.win32_11.7.1.202301190959/tools/bin/../lib/gcc/arm-none-eabi/10.3.1/../../../../arm-none-eabi/lib/thumb/v6-m/nofp\libcr_c.a(strlen.o)
 .ARM.attributes
                0x00000294       0x2c g:/works/canhan/fsoft/sw/nxp/mcuxpressoide_11.7.1_9221/ide/plugins/com.nxp.mcuxpresso.tools.win32_11.7.1.202301190959/tools/bin/../lib/gcc/arm-none-eabi/10.3.1/../../../../arm-none-eabi/lib/thumb/v6-m/nofp\libcr_c.a(memset.o)
 .ARM.attributes
                0x000002c0       0x2c g:/works/canhan/fsoft/sw/nxp/mcuxpressoide_11.7.1_9221/ide/plugins/com.nxp.mcuxpresso.tools.win32_11.7.1.202301190959/tools/bin/../lib/gcc/arm-none-eabi/10.3.1/../../../../arm-none-eabi/lib/thumb/v6-m/nofp\libcr_c.a(_do_fflush.o)
 .ARM.attributes
                0x000002ec       0x2c g:/works/canhan/fsoft/sw/nxp/mcuxpressoide_11.7.1_9221/ide/plugins/com.nxp.mcuxpresso.tools.win32_11.7.1.202301190959/tools/bin/../lib/gcc/arm-none-eabi/10.3.1/../../../../arm-none-eabi/lib/thumb/v6-m/nofp\libcr_c.a(_fflush.o)
 .ARM.attributes
                0x00000318       0x2c g:/works/canhan/fsoft/sw/nxp/mcuxpressoide_11.7.1_9221/ide/plugins/com.nxp.mcuxpresso.tools.win32_11.7.1.202301190959/tools/bin/../lib/gcc/arm-none-eabi/10.3.1/../../../../arm-none-eabi/lib/thumb/v6-m/nofp\libcr_c.a(_writebuf.o)
 .ARM.attributes
                0x00000344       0x2c g:/works/canhan/fsoft/sw/nxp/mcuxpressoide_11.7.1_9221/ide/plugins/com.nxp.mcuxpresso.tools.win32_11.7.1.202301190959/tools/bin/../lib/gcc/arm-none-eabi/10.3.1/../../../../arm-none-eabi/lib/thumb/v6-m/nofp\libcr_c.a(alloc.o)
 .ARM.attributes
                0x00000370       0x2c g:/works/canhan/fsoft/sw/nxp/mcuxpressoide_11.7.1_9221/ide/plugins/com.nxp.mcuxpresso.tools.win32_11.7.1.202301190959/tools/bin/../lib/gcc/arm-none-eabi/10.3.1/../../../../arm-none-eabi/lib/thumb/v6-m/nofp\libcr_c.a(errno.o)
 .ARM.attributes
                0x0000039c       0x2c g:/works/canhan/fsoft/sw/nxp/mcuxpressoide_11.7.1_9221/ide/plugins/com.nxp.mcuxpresso.tools.win32_11.7.1.202301190959/tools/bin/../lib/gcc/arm-none-eabi/10.3.1/../../../../arm-none-eabi/lib/thumb/v6-m/nofp\libcr_c.a(_deferredlazyseek.o)
 .ARM.attributes
                0x000003c8       0x1c g:/works/canhan/fsoft/sw/nxp/mcuxpressoide_11.7.1_9221/ide/plugins/com.nxp.mcuxpresso.tools.win32_11.7.1.202301190959/tools/bin/../lib/gcc/arm-none-eabi/10.3.1/thumb/v6-m/nofp\libcr_eabihelpers.a(memcpy.o)
 .ARM.attributes
                0x000003e4       0x2c g:/works/canhan/fsoft/sw/nxp/mcuxpressoide_11.7.1_9221/ide/plugins/com.nxp.mcuxpresso.tools.win32_11.7.1.202301190959/tools/bin/../lib/gcc/arm-none-eabi/10.3.1/../../../../arm-none-eabi/lib/thumb/v6-m/nofp\libcr_nohost_nf.a(__ciob.o)
 .ARM.attributes
                0x00000410       0x2c g:/works/canhan/fsoft/sw/nxp/mcuxpressoide_11.7.1_9221/ide/plugins/com.nxp.mcuxpresso.tools.win32_11.7.1.202301190959/tools/bin/../lib/gcc/arm-none-eabi/10.3.1/../../../../arm-none-eabi/lib/thumb/v6-m/nofp\libcr_nohost_nf.a(__sys_close.o)
 .ARM.attributes
                0x0000043c       0x2c g:/works/canhan/fsoft/sw/nxp/mcuxpressoide_11.7.1_9221/ide/plugins/com.nxp.mcuxpresso.tools.win32_11.7.1.202301190959/tools/bin/../lib/gcc/arm-none-eabi/10.3.1/../../../../arm-none-eabi/lib/thumb/v6-m/nofp\libcr_nohost_nf.a(__sys_flen.o)
 .ARM.attributes
                0x00000468       0x2c g:/works/canhan/fsoft/sw/nxp/mcuxpressoide_11.7.1_9221/ide/plugins/com.nxp.mcuxpresso.tools.win32_11.7.1.202301190959/tools/bin/../lib/gcc/arm-none-eabi/10.3.1/../../../../arm-none-eabi/lib/thumb/v6-m/nofp\libcr_nohost_nf.a(__sys_istty.o)
 .ARM.attributes
                0x00000494       0x2c g:/works/canhan/fsoft/sw/nxp/mcuxpressoide_11.7.1_9221/ide/plugins/com.nxp.mcuxpresso.tools.win32_11.7.1.202301190959/tools/bin/../lib/gcc/arm-none-eabi/10.3.1/../../../../arm-none-eabi/lib/thumb/v6-m/nofp\libcr_nohost_nf.a(__sys_remove.o)
 .ARM.attributes
                0x000004c0       0x2c g:/works/canhan/fsoft/sw/nxp/mcuxpressoide_11.7.1_9221/ide/plugins/com.nxp.mcuxpresso.tools.win32_11.7.1.202301190959/tools/bin/../lib/gcc/arm-none-eabi/10.3.1/../../../../arm-none-eabi/lib/thumb/v6-m/nofp\libcr_nohost_nf.a(__sys_seek.o)
 .ARM.attributes
                0x000004ec       0x2c g:/works/canhan/fsoft/sw/nxp/mcuxpressoide_11.7.1_9221/ide/plugins/com.nxp.mcuxpresso.tools.win32_11.7.1.202301190959/tools/bin/../lib/gcc/arm-none-eabi/10.3.1/../../../../arm-none-eabi/lib/thumb/v6-m/nofp\libcr_nohost_nf.a(__sys_tmpnam.o)
 .ARM.attributes
                0x00000518       0x2c g:/works/canhan/fsoft/sw/nxp/mcuxpressoide_11.7.1_9221/ide/plugins/com.nxp.mcuxpresso.tools.win32_11.7.1.202301190959/tools/bin/../lib/gcc/arm-none-eabi/10.3.1/../../../../arm-none-eabi/lib/thumb/v6-m/nofp\libcr_nohost_nf.a(__sys_write.o)

.debug_frame    0x00000000      0x4b4
 .debug_frame   0x00000000      0x3a8 ./startup/startup_mke16z4.o
 .debug_frame   0x000003a8       0x84 ./source/LPIT.o
 .debug_frame   0x0000042c       0x20 ./source/semihost_hardfault.o
 .debug_frame   0x0000044c       0x68 ./device/system_MKE16Z4.o

Cross Reference Table

Symbol                                            File
ADC0_DriverIRQHandler                             ./startup/startup_mke16z4.o
ADC0_IRQHandler                                   ./startup/startup_mke16z4.o
CMP0_DriverIRQHandler                             ./startup/startup_mke16z4.o
CMP0_IRQHandler                                   ./startup/startup_mke16z4.o
FTFA_DriverIRQHandler                             ./startup/startup_mke16z4.o
FTFA_IRQHandler                                   ./startup/startup_mke16z4.o
FTM0_DriverIRQHandler                             ./startup/startup_mke16z4.o
FTM0_IRQHandler                                   ./startup/startup_mke16z4.o
FTM1_DriverIRQHandler                             ./startup/startup_mke16z4.o
FTM1_IRQHandler                                   ./startup/startup_mke16z4.o
Flash_Config                                      ./startup/startup_mke16z4.o
HardFault_Handler                                 ./source/semihost_hardfault.o
                                                  ./startup/startup_mke16z4.o
IntDefaultHandler                                 ./startup/startup_mke16z4.o
LPI2C0_DriverIRQHandler                           ./startup/startup_mke16z4.o
LPI2C0_IRQHandler                                 ./startup/startup_mke16z4.o
LPIT0_DriverIRQHandler                            ./startup/startup_mke16z4.o
LPIT0_IRQHandler                                  ./source/LPIT.o
                                                  ./startup/startup_mke16z4.o
LPSPI0_DriverIRQHandler                           ./startup/startup_mke16z4.o
LPSPI0_IRQHandler                                 ./startup/startup_mke16z4.o
LPUART0_DriverIRQHandler                          ./startup/startup_mke16z4.o
LPUART0_IRQHandler                                ./startup/startup_mke16z4.o
LPUART1_DriverIRQHandler                          ./startup/startup_mke16z4.o
LPUART1_IRQHandler                                ./startup/startup_mke16z4.o
LPUART2_DriverIRQHandler                          ./startup/startup_mke16z4.o
LPUART2_IRQHandler                                ./startup/startup_mke16z4.o
LVD_LVW_DriverIRQHandler                          ./startup/startup_mke16z4.o
LVD_LVW_IRQHandler                                ./startup/startup_mke16z4.o
MSCAN_DriverIRQHandler                            ./startup/startup_mke16z4.o
MSCAN_ORed_IRQHandler                             ./startup/startup_mke16z4.o
MSCAN_Rx_IRQHandler                               ./startup/startup_mke16z4.o
NMI_Handler                                       ./startup/startup_mke16z4.o
PDB0_DriverIRQHandler                             ./startup/startup_mke16z4.o
PDB0_IRQHandler                                   ./startup/startup_mke16z4.o
PORTAE_DriverIRQHandler                           ./startup/startup_mke16z4.o
PORTAE_IRQHandler                                 ./startup/startup_mke16z4.o
PORTBCD_DriverIRQHandler                          ./startup/startup_mke16z4.o
PORTBCD_IRQHandler                                ./startup/startup_mke16z4.o
PWT_LPTMR0_DriverIRQHandler                       ./startup/startup_mke16z4.o
PWT_LPTMR0_IRQHandler                             ./startup/startup_mke16z4.o
PendSV_Handler                                    ./startup/startup_mke16z4.o
RTC_DriverIRQHandler                              ./startup/startup_mke16z4.o
RTC_IRQHandler                                    ./startup/startup_mke16z4.o
Reserved16_DriverIRQHandler                       ./startup/startup_mke16z4.o
Reserved16_IRQHandler                             ./startup/startup_mke16z4.o
Reserved17_DriverIRQHandler                       ./startup/startup_mke16z4.o
Reserved17_IRQHandler                             ./startup/startup_mke16z4.o
Reserved18_DriverIRQHandler                       ./startup/startup_mke16z4.o
Reserved18_IRQHandler                             ./startup/startup_mke16z4.o
Reserved19_DriverIRQHandler                       ./startup/startup_mke16z4.o
Reserved19_IRQHandler                             ./startup/startup_mke16z4.o
Reserved20_DriverIRQHandler                       ./startup/startup_mke16z4.o
Reserved20_IRQHandler                             ./startup/startup_mke16z4.o
Reserved25_DriverIRQHandler                       ./startup/startup_mke16z4.o
Reserved25_IRQHandler                             ./startup/startup_mke16z4.o
Reserved27_DriverIRQHandler                       ./startup/startup_mke16z4.o
Reserved27_IRQHandler                             ./startup/startup_mke16z4.o
Reserved35_DriverIRQHandler                       ./startup/startup_mke16z4.o
Reserved35_IRQHandler                             ./startup/startup_mke16z4.o
Reserved37_DriverIRQHandler                       ./startup/startup_mke16z4.o
Reserved37_IRQHandler                             ./startup/startup_mke16z4.o
Reserved39_DriverIRQHandler                       ./startup/startup_mke16z4.o
Reserved39_IRQHandler                             ./startup/startup_mke16z4.o
ResetISR                                          ./startup/startup_mke16z4.o
SCG_RCM_DriverIRQHandler                          ./startup/startup_mke16z4.o
SCG_RCM_IRQHandler                                ./startup/startup_mke16z4.o
SVC_Handler                                       ./startup/startup_mke16z4.o
SysTick_Handler                                   ./startup/startup_mke16z4.o
SystemCoreClock                                   ./device/system_MKE16Z4.o
SystemCoreClockUpdate                             ./device/system_MKE16Z4.o
SystemInit                                        ./device/system_MKE16Z4.o
                                                  ./startup/startup_mke16z4.o
SystemInitHook                                    ./device/system_MKE16Z4.o
TSI_DriverIRQHandler                              ./startup/startup_mke16z4.o
TSI_IRQHandler                                    ./startup/startup_mke16z4.o
WDOG_EWM_DriverIRQHandler                         ./startup/startup_mke16z4.o
WDOG_EWM_IRQHandler                               ./startup/startup_mke16z4.o
_Csys_alloc                                       g:/works/canhan/fsoft/sw/nxp/mcuxpressoide_11.7.1_9221/ide/plugins/com.nxp.mcuxpresso.tools.win32_11.7.1.202301190959/tools/bin/../lib/gcc/arm-none-eabi/10.3.1/../../../../arm-none-eabi/lib/thumb/v6-m/nofp\libcr_c.a(alloc.o)
                                                  g:/works/canhan/fsoft/sw/nxp/mcuxpressoide_11.7.1_9221/ide/plugins/com.nxp.mcuxpresso.tools.win32_11.7.1.202301190959/tools/bin/../lib/gcc/arm-none-eabi/10.3.1/../../../../arm-none-eabi/lib/thumb/v6-m/nofp\libcr_c.a(_deferredlazyseek.o)
_Cwritebuf                                        g:/works/canhan/fsoft/sw/nxp/mcuxpressoide_11.7.1_9221/ide/plugins/com.nxp.mcuxpresso.tools.win32_11.7.1.202301190959/tools/bin/../lib/gcc/arm-none-eabi/10.3.1/../../../../arm-none-eabi/lib/thumb/v6-m/nofp\libcr_c.a(_writebuf.o)
                                                  g:/works/canhan/fsoft/sw/nxp/mcuxpressoide_11.7.1_9221/ide/plugins/com.nxp.mcuxpresso.tools.win32_11.7.1.202301190959/tools/bin/../lib/gcc/arm-none-eabi/10.3.1/../../../../arm-none-eabi/lib/thumb/v6-m/nofp\libcr_c.a(_deferredlazyseek.o)
                                                  g:/works/canhan/fsoft/sw/nxp/mcuxpressoide_11.7.1_9221/ide/plugins/com.nxp.mcuxpresso.tools.win32_11.7.1.202301190959/tools/bin/../lib/gcc/arm-none-eabi/10.3.1/../../../../arm-none-eabi/lib/thumb/v6-m/nofp\libcr_c.a(_fflush.o)
__Ciob                                            g:/works/canhan/fsoft/sw/nxp/mcuxpressoide_11.7.1_9221/ide/plugins/com.nxp.mcuxpresso.tools.win32_11.7.1.202301190959/tools/bin/../lib/gcc/arm-none-eabi/10.3.1/../../../../arm-none-eabi/lib/thumb/v6-m/nofp\libcr_nohost_nf.a(__ciob.o)
                                                  g:/works/canhan/fsoft/sw/nxp/mcuxpressoide_11.7.1_9221/ide/plugins/com.nxp.mcuxpresso.tools.win32_11.7.1.202301190959/tools/bin/../lib/gcc/arm-none-eabi/10.3.1/../../../../arm-none-eabi/lib/thumb/v6-m/nofp\libcr_c.a(fflush.o)
                                                  g:/works/canhan/fsoft/sw/nxp/mcuxpressoide_11.7.1_9221/ide/plugins/com.nxp.mcuxpresso.tools.win32_11.7.1.202301190959/tools/bin/../lib/gcc/arm-none-eabi/10.3.1/../../../../arm-none-eabi/lib/thumb/v6-m/nofp\libcr_c.a(initio.o)
__Vectors                                         ./startup/startup_mke16z4.o
__aeabi_idiv                                      g:/works/canhan/fsoft/sw/nxp/mcuxpressoide_11.7.1_9221/ide/plugins/com.nxp.mcuxpresso.tools.win32_11.7.1.202301190959/tools/bin/../lib/gcc/arm-none-eabi/10.3.1/thumb/v6-m/nofp\libcr_eabihelpers.a(division_32.o)
__aeabi_idiv0                                     g:/works/canhan/fsoft/sw/nxp/mcuxpressoide_11.7.1_9221/ide/plugins/com.nxp.mcuxpresso.tools.win32_11.7.1.202301190959/tools/bin/../lib/gcc/arm-none-eabi/10.3.1/thumb/v6-m/nofp\libcr_eabihelpers.a(division_idiv0.o)
                                                  g:/works/canhan/fsoft/sw/nxp/mcuxpressoide_11.7.1_9221/ide/plugins/com.nxp.mcuxpresso.tools.win32_11.7.1.202301190959/tools/bin/../lib/gcc/arm-none-eabi/10.3.1/thumb/v6-m/nofp\libcr_eabihelpers.a(division_32.o)
__aeabi_idivmod                                   g:/works/canhan/fsoft/sw/nxp/mcuxpressoide_11.7.1_9221/ide/plugins/com.nxp.mcuxpresso.tools.win32_11.7.1.202301190959/tools/bin/../lib/gcc/arm-none-eabi/10.3.1/thumb/v6-m/nofp\libcr_eabihelpers.a(division_32.o)
__aeabi_lowlevel_memset                           g:/works/canhan/fsoft/sw/nxp/mcuxpressoide_11.7.1_9221/ide/plugins/com.nxp.mcuxpresso.tools.win32_11.7.1.202301190959/tools/bin/../lib/gcc/arm-none-eabi/10.3.1/thumb/v6-m/nofp\libcr_eabihelpers.a(memcpy.o)
                                                  g:/works/canhan/fsoft/sw/nxp/mcuxpressoide_11.7.1_9221/ide/plugins/com.nxp.mcuxpresso.tools.win32_11.7.1.202301190959/tools/bin/../lib/gcc/arm-none-eabi/10.3.1/../../../../arm-none-eabi/lib/thumb/v6-m/nofp\libcr_c.a(memset.o)
__aeabi_memclr                                    g:/works/canhan/fsoft/sw/nxp/mcuxpressoide_11.7.1_9221/ide/plugins/com.nxp.mcuxpresso.tools.win32_11.7.1.202301190959/tools/bin/../lib/gcc/arm-none-eabi/10.3.1/thumb/v6-m/nofp\libcr_eabihelpers.a(memcpy.o)
__aeabi_memclr4                                   g:/works/canhan/fsoft/sw/nxp/mcuxpressoide_11.7.1_9221/ide/plugins/com.nxp.mcuxpresso.tools.win32_11.7.1.202301190959/tools/bin/../lib/gcc/arm-none-eabi/10.3.1/thumb/v6-m/nofp\libcr_eabihelpers.a(memcpy.o)
__aeabi_memclr8                                   g:/works/canhan/fsoft/sw/nxp/mcuxpressoide_11.7.1_9221/ide/plugins/com.nxp.mcuxpresso.tools.win32_11.7.1.202301190959/tools/bin/../lib/gcc/arm-none-eabi/10.3.1/thumb/v6-m/nofp\libcr_eabihelpers.a(memcpy.o)
__aeabi_memcpy                                    g:/works/canhan/fsoft/sw/nxp/mcuxpressoide_11.7.1_9221/ide/plugins/com.nxp.mcuxpresso.tools.win32_11.7.1.202301190959/tools/bin/../lib/gcc/arm-none-eabi/10.3.1/thumb/v6-m/nofp\libcr_eabihelpers.a(memcpy.o)
                                                  g:/works/canhan/fsoft/sw/nxp/mcuxpressoide_11.7.1_9221/ide/plugins/com.nxp.mcuxpresso.tools.win32_11.7.1.202301190959/tools/bin/../lib/gcc/arm-none-eabi/10.3.1/../../../../arm-none-eabi/lib/thumb/v6-m/nofp\libcr_c.a(memcpy.o)
__aeabi_memcpy4                                   g:/works/canhan/fsoft/sw/nxp/mcuxpressoide_11.7.1_9221/ide/plugins/com.nxp.mcuxpresso.tools.win32_11.7.1.202301190959/tools/bin/../lib/gcc/arm-none-eabi/10.3.1/thumb/v6-m/nofp\libcr_eabihelpers.a(memcpy.o)
__aeabi_memcpy8                                   g:/works/canhan/fsoft/sw/nxp/mcuxpressoide_11.7.1_9221/ide/plugins/com.nxp.mcuxpresso.tools.win32_11.7.1.202301190959/tools/bin/../lib/gcc/arm-none-eabi/10.3.1/thumb/v6-m/nofp\libcr_eabihelpers.a(memcpy.o)
__aeabi_memmove                                   g:/works/canhan/fsoft/sw/nxp/mcuxpressoide_11.7.1_9221/ide/plugins/com.nxp.mcuxpresso.tools.win32_11.7.1.202301190959/tools/bin/../lib/gcc/arm-none-eabi/10.3.1/thumb/v6-m/nofp\libcr_eabihelpers.a(memcpy.o)
__aeabi_memmove4                                  g:/works/canhan/fsoft/sw/nxp/mcuxpressoide_11.7.1_9221/ide/plugins/com.nxp.mcuxpresso.tools.win32_11.7.1.202301190959/tools/bin/../lib/gcc/arm-none-eabi/10.3.1/thumb/v6-m/nofp\libcr_eabihelpers.a(memcpy.o)
__aeabi_memmove8                                  g:/works/canhan/fsoft/sw/nxp/mcuxpressoide_11.7.1_9221/ide/plugins/com.nxp.mcuxpresso.tools.win32_11.7.1.202301190959/tools/bin/../lib/gcc/arm-none-eabi/10.3.1/thumb/v6-m/nofp\libcr_eabihelpers.a(memcpy.o)
__aeabi_memset                                    g:/works/canhan/fsoft/sw/nxp/mcuxpressoide_11.7.1_9221/ide/plugins/com.nxp.mcuxpresso.tools.win32_11.7.1.202301190959/tools/bin/../lib/gcc/arm-none-eabi/10.3.1/thumb/v6-m/nofp\libcr_eabihelpers.a(memcpy.o)
__aeabi_memset4                                   g:/works/canhan/fsoft/sw/nxp/mcuxpressoide_11.7.1_9221/ide/plugins/com.nxp.mcuxpresso.tools.win32_11.7.1.202301190959/tools/bin/../lib/gcc/arm-none-eabi/10.3.1/thumb/v6-m/nofp\libcr_eabihelpers.a(memcpy.o)
__aeabi_memset8                                   g:/works/canhan/fsoft/sw/nxp/mcuxpressoide_11.7.1_9221/ide/plugins/com.nxp.mcuxpresso.tools.win32_11.7.1.202301190959/tools/bin/../lib/gcc/arm-none-eabi/10.3.1/thumb/v6-m/nofp\libcr_eabihelpers.a(memcpy.o)
__aeabi_uidiv                                     g:/works/canhan/fsoft/sw/nxp/mcuxpressoide_11.7.1_9221/ide/plugins/com.nxp.mcuxpresso.tools.win32_11.7.1.202301190959/tools/bin/../lib/gcc/arm-none-eabi/10.3.1/thumb/v6-m/nofp\libcr_eabihelpers.a(division_32.o)
                                                  ./device/system_MKE16Z4.o
__aeabi_uidivmod                                  g:/works/canhan/fsoft/sw/nxp/mcuxpressoide_11.7.1_9221/ide/plugins/com.nxp.mcuxpresso.tools.win32_11.7.1.202301190959/tools/bin/../lib/gcc/arm-none-eabi/10.3.1/thumb/v6-m/nofp\libcr_eabihelpers.a(division_32.o)
__bss_section_table_end                           ./startup/startup_mke16z4.o
__check_heap_overflow                             g:/works/canhan/fsoft/sw/nxp/mcuxpressoide_11.7.1_9221/ide/plugins/com.nxp.mcuxpresso.tools.win32_11.7.1.202301190959/tools/bin/../lib/gcc/arm-none-eabi/10.3.1/../../../../arm-none-eabi/lib/thumb/v6-m/nofp\libcr_c.a(_cr_check_heap.o)
                                                  g:/works/canhan/fsoft/sw/nxp/mcuxpressoide_11.7.1_9221/ide/plugins/com.nxp.mcuxpresso.tools.win32_11.7.1.202301190959/tools/bin/../lib/gcc/arm-none-eabi/10.3.1/../../../../arm-none-eabi/lib/thumb/v6-m/nofp\libcr_c.a(_cr_sbrk.o)
__data_section_table                              ./startup/startup_mke16z4.o
__data_section_table_end                          ./startup/startup_mke16z4.o
__end_of_heap                                     g:/works/canhan/fsoft/sw/nxp/mcuxpressoide_11.7.1_9221/ide/plugins/com.nxp.mcuxpresso.tools.win32_11.7.1.202301190959/tools/bin/../lib/gcc/arm-none-eabi/10.3.1/../../../../arm-none-eabi/lib/thumb/v6-m/nofp\libcr_c.a(__init_alloc.o)
                                                  g:/works/canhan/fsoft/sw/nxp/mcuxpressoide_11.7.1_9221/ide/plugins/com.nxp.mcuxpresso.tools.win32_11.7.1.202301190959/tools/bin/../lib/gcc/arm-none-eabi/10.3.1/../../../../arm-none-eabi/lib/thumb/v6-m/nofp\libcr_c.a(_cr_sbrk.o)
__exit                                            g:/works/canhan/fsoft/sw/nxp/mcuxpressoide_11.7.1_9221/ide/plugins/com.nxp.mcuxpresso.tools.win32_11.7.1.202301190959/tools/bin/../lib/gcc/arm-none-eabi/10.3.1/../../../../arm-none-eabi/lib/thumb/v6-m/nofp\libcr_nohost_nf.a(__sys_appexit.o)
__flsbuf                                          g:/works/canhan/fsoft/sw/nxp/mcuxpressoide_11.7.1_9221/ide/plugins/com.nxp.mcuxpresso.tools.win32_11.7.1.202301190959/tools/bin/../lib/gcc/arm-none-eabi/10.3.1/../../../../arm-none-eabi/lib/thumb/v6-m/nofp\libcr_c.a(_deferredlazyseek.o)
__heaps                                           g:/works/canhan/fsoft/sw/nxp/mcuxpressoide_11.7.1_9221/ide/plugins/com.nxp.mcuxpresso.tools.win32_11.7.1.202301190959/tools/bin/../lib/gcc/arm-none-eabi/10.3.1/../../../../arm-none-eabi/lib/thumb/v6-m/nofp\libcr_c.a(__init_alloc.o)
                                                  g:/works/canhan/fsoft/sw/nxp/mcuxpressoide_11.7.1_9221/ide/plugins/com.nxp.mcuxpresso.tools.win32_11.7.1.202301190959/tools/bin/../lib/gcc/arm-none-eabi/10.3.1/../../../../arm-none-eabi/lib/thumb/v6-m/nofp\libcr_c.a(alloc.o)
__main                                            g:/works/canhan/fsoft/sw/nxp/mcuxpressoide_11.7.1_9221/ide/plugins/com.nxp.mcuxpresso.tools.win32_11.7.1.202301190959/tools/bin/../lib/gcc/arm-none-eabi/10.3.1/../../../../arm-none-eabi/lib/thumb/v6-m/nofp\libcr_nohost_nf.a(_cr__main.o)
                                                  ./startup/startup_mke16z4.o
__mtb_buffer__                                    ./source/mtb.o
__num_Ciob_streams                                g:/works/canhan/fsoft/sw/nxp/mcuxpressoide_11.7.1_9221/ide/plugins/com.nxp.mcuxpresso.tools.win32_11.7.1.202301190959/tools/bin/../lib/gcc/arm-none-eabi/10.3.1/../../../../arm-none-eabi/lib/thumb/v6-m/nofp\libcr_nohost_nf.a(__ciob.o)
                                                  g:/works/canhan/fsoft/sw/nxp/mcuxpressoide_11.7.1_9221/ide/plugins/com.nxp.mcuxpresso.tools.win32_11.7.1.202301190959/tools/bin/../lib/gcc/arm-none-eabi/10.3.1/../../../../arm-none-eabi/lib/thumb/v6-m/nofp\libcr_c.a(fflush.o)
                                                  g:/works/canhan/fsoft/sw/nxp/mcuxpressoide_11.7.1_9221/ide/plugins/com.nxp.mcuxpresso.tools.win32_11.7.1.202301190959/tools/bin/../lib/gcc/arm-none-eabi/10.3.1/../../../../arm-none-eabi/lib/thumb/v6-m/nofp\libcr_c.a(initio.o)
__sys_appexit                                     g:/works/canhan/fsoft/sw/nxp/mcuxpressoide_11.7.1_9221/ide/plugins/com.nxp.mcuxpresso.tools.win32_11.7.1.202301190959/tools/bin/../lib/gcc/arm-none-eabi/10.3.1/../../../../arm-none-eabi/lib/thumb/v6-m/nofp\libcr_nohost_nf.a(__sys_appexit.o)
                                                  g:/works/canhan/fsoft/sw/nxp/mcuxpressoide_11.7.1_9221/ide/plugins/com.nxp.mcuxpresso.tools.win32_11.7.1.202301190959/tools/bin/../lib/gcc/arm-none-eabi/10.3.1/../../../../arm-none-eabi/lib/thumb/v6-m/nofp\libcr_c.a(alloc.o)
__sys_close                                       g:/works/canhan/fsoft/sw/nxp/mcuxpressoide_11.7.1_9221/ide/plugins/com.nxp.mcuxpresso.tools.win32_11.7.1.202301190959/tools/bin/../lib/gcc/arm-none-eabi/10.3.1/../../../../arm-none-eabi/lib/thumb/v6-m/nofp\libcr_nohost_nf.a(__sys_close.o)
                                                  g:/works/canhan/fsoft/sw/nxp/mcuxpressoide_11.7.1_9221/ide/plugins/com.nxp.mcuxpresso.tools.win32_11.7.1.202301190959/tools/bin/../lib/gcc/arm-none-eabi/10.3.1/../../../../arm-none-eabi/lib/thumb/v6-m/nofp\libcr_c.a(fclose.o)
__sys_flen                                        g:/works/canhan/fsoft/sw/nxp/mcuxpressoide_11.7.1_9221/ide/plugins/com.nxp.mcuxpresso.tools.win32_11.7.1.202301190959/tools/bin/../lib/gcc/arm-none-eabi/10.3.1/../../../../arm-none-eabi/lib/thumb/v6-m/nofp\libcr_nohost_nf.a(__sys_flen.o)
                                                  g:/works/canhan/fsoft/sw/nxp/mcuxpressoide_11.7.1_9221/ide/plugins/com.nxp.mcuxpresso.tools.win32_11.7.1.202301190959/tools/bin/../lib/gcc/arm-none-eabi/10.3.1/../../../../arm-none-eabi/lib/thumb/v6-m/nofp\libcr_c.a(_writebuf.o)
                                                  g:/works/canhan/fsoft/sw/nxp/mcuxpressoide_11.7.1_9221/ide/plugins/com.nxp.mcuxpresso.tools.win32_11.7.1.202301190959/tools/bin/../lib/gcc/arm-none-eabi/10.3.1/../../../../arm-none-eabi/lib/thumb/v6-m/nofp\libcr_c.a(fseek.o)
__sys_istty                                       g:/works/canhan/fsoft/sw/nxp/mcuxpressoide_11.7.1_9221/ide/plugins/com.nxp.mcuxpresso.tools.win32_11.7.1.202301190959/tools/bin/../lib/gcc/arm-none-eabi/10.3.1/../../../../arm-none-eabi/lib/thumb/v6-m/nofp\libcr_nohost_nf.a(__sys_istty.o)
                                                  g:/works/canhan/fsoft/sw/nxp/mcuxpressoide_11.7.1_9221/ide/plugins/com.nxp.mcuxpresso.tools.win32_11.7.1.202301190959/tools/bin/../lib/gcc/arm-none-eabi/10.3.1/../../../../arm-none-eabi/lib/thumb/v6-m/nofp\libcr_c.a(_deferredlazyseek.o)
                                                  g:/works/canhan/fsoft/sw/nxp/mcuxpressoide_11.7.1_9221/ide/plugins/com.nxp.mcuxpresso.tools.win32_11.7.1.202301190959/tools/bin/../lib/gcc/arm-none-eabi/10.3.1/../../../../arm-none-eabi/lib/thumb/v6-m/nofp\libcr_c.a(fseek.o)
__sys_remove                                      g:/works/canhan/fsoft/sw/nxp/mcuxpressoide_11.7.1_9221/ide/plugins/com.nxp.mcuxpresso.tools.win32_11.7.1.202301190959/tools/bin/../lib/gcc/arm-none-eabi/10.3.1/../../../../arm-none-eabi/lib/thumb/v6-m/nofp\libcr_nohost_nf.a(__sys_remove.o)
                                                  g:/works/canhan/fsoft/sw/nxp/mcuxpressoide_11.7.1_9221/ide/plugins/com.nxp.mcuxpresso.tools.win32_11.7.1.202301190959/tools/bin/../lib/gcc/arm-none-eabi/10.3.1/../../../../arm-none-eabi/lib/thumb/v6-m/nofp\libcr_c.a(remove.o)
__sys_rename                                      g:/works/canhan/fsoft/sw/nxp/mcuxpressoide_11.7.1_9221/ide/plugins/com.nxp.mcuxpresso.tools.win32_11.7.1.202301190959/tools/bin/../lib/gcc/arm-none-eabi/10.3.1/../../../../arm-none-eabi/lib/thumb/v6-m/nofp\libcr_nohost_nf.a(__sys_rename.o)
                                                  g:/works/canhan/fsoft/sw/nxp/mcuxpressoide_11.7.1_9221/ide/plugins/com.nxp.mcuxpresso.tools.win32_11.7.1.202301190959/tools/bin/../lib/gcc/arm-none-eabi/10.3.1/../../../../arm-none-eabi/lib/thumb/v6-m/nofp\libcr_c.a(remove.o)
__sys_seek                                        g:/works/canhan/fsoft/sw/nxp/mcuxpressoide_11.7.1_9221/ide/plugins/com.nxp.mcuxpresso.tools.win32_11.7.1.202301190959/tools/bin/../lib/gcc/arm-none-eabi/10.3.1/../../../../arm-none-eabi/lib/thumb/v6-m/nofp\libcr_nohost_nf.a(__sys_seek.o)
                                                  g:/works/canhan/fsoft/sw/nxp/mcuxpressoide_11.7.1_9221/ide/plugins/com.nxp.mcuxpresso.tools.win32_11.7.1.202301190959/tools/bin/../lib/gcc/arm-none-eabi/10.3.1/../../../../arm-none-eabi/lib/thumb/v6-m/nofp\libcr_c.a(_writebuf.o)
__sys_tmpnam                                      g:/works/canhan/fsoft/sw/nxp/mcuxpressoide_11.7.1_9221/ide/plugins/com.nxp.mcuxpresso.tools.win32_11.7.1.202301190959/tools/bin/../lib/gcc/arm-none-eabi/10.3.1/../../../../arm-none-eabi/lib/thumb/v6-m/nofp\libcr_nohost_nf.a(__sys_tmpnam.o)
                                                  g:/works/canhan/fsoft/sw/nxp/mcuxpressoide_11.7.1_9221/ide/plugins/com.nxp.mcuxpresso.tools.win32_11.7.1.202301190959/tools/bin/../lib/gcc/arm-none-eabi/10.3.1/../../../../arm-none-eabi/lib/thumb/v6-m/nofp\libcr_c.a(fclose.o)
__sys_write                                       g:/works/canhan/fsoft/sw/nxp/mcuxpressoide_11.7.1_9221/ide/plugins/com.nxp.mcuxpresso.tools.win32_11.7.1.202301190959/tools/bin/../lib/gcc/arm-none-eabi/10.3.1/../../../../arm-none-eabi/lib/thumb/v6-m/nofp\libcr_nohost_nf.a(__sys_write.o)
                                                  g:/works/canhan/fsoft/sw/nxp/mcuxpressoide_11.7.1_9221/ide/plugins/com.nxp.mcuxpresso.tools.win32_11.7.1.202301190959/tools/bin/../lib/gcc/arm-none-eabi/10.3.1/../../../../arm-none-eabi/lib/thumb/v6-m/nofp\libcr_c.a(alloc.o)
                                                  g:/works/canhan/fsoft/sw/nxp/mcuxpressoide_11.7.1_9221/ide/plugins/com.nxp.mcuxpresso.tools.win32_11.7.1.202301190959/tools/bin/../lib/gcc/arm-none-eabi/10.3.1/../../../../arm-none-eabi/lib/thumb/v6-m/nofp\libcr_c.a(_writebuf.o)
_deferredlazyseek                                 g:/works/canhan/fsoft/sw/nxp/mcuxpressoide_11.7.1_9221/ide/plugins/com.nxp.mcuxpresso.tools.win32_11.7.1.202301190959/tools/bin/../lib/gcc/arm-none-eabi/10.3.1/../../../../arm-none-eabi/lib/thumb/v6-m/nofp\libcr_c.a(_deferredlazyseek.o)
                                                  g:/works/canhan/fsoft/sw/nxp/mcuxpressoide_11.7.1_9221/ide/plugins/com.nxp.mcuxpresso.tools.win32_11.7.1.202301190959/tools/bin/../lib/gcc/arm-none-eabi/10.3.1/../../../../arm-none-eabi/lib/thumb/v6-m/nofp\libcr_c.a(_do_fflush.o)
_do_fflush                                        g:/works/canhan/fsoft/sw/nxp/mcuxpressoide_11.7.1_9221/ide/plugins/com.nxp.mcuxpresso.tools.win32_11.7.1.202301190959/tools/bin/../lib/gcc/arm-none-eabi/10.3.1/../../../../arm-none-eabi/lib/thumb/v6-m/nofp\libcr_c.a(_do_fflush.o)
                                                  g:/works/canhan/fsoft/sw/nxp/mcuxpressoide_11.7.1_9221/ide/plugins/com.nxp.mcuxpresso.tools.win32_11.7.1.202301190959/tools/bin/../lib/gcc/arm-none-eabi/10.3.1/../../../../arm-none-eabi/lib/thumb/v6-m/nofp\libcr_c.a(fflush.o)
_fdopen                                           g:/works/canhan/fsoft/sw/nxp/mcuxpressoide_11.7.1_9221/ide/plugins/com.nxp.mcuxpresso.tools.win32_11.7.1.202301190959/tools/bin/../lib/gcc/arm-none-eabi/10.3.1/../../../../arm-none-eabi/lib/thumb/v6-m/nofp\libcr_c.a(_fdopen.o)
                                                  g:/works/canhan/fsoft/sw/nxp/mcuxpressoide_11.7.1_9221/ide/plugins/com.nxp.mcuxpresso.tools.win32_11.7.1.202301190959/tools/bin/../lib/gcc/arm-none-eabi/10.3.1/../../../../arm-none-eabi/lib/thumb/v6-m/nofp\libcr_c.a(initio.o)
_fflush                                           g:/works/canhan/fsoft/sw/nxp/mcuxpressoide_11.7.1_9221/ide/plugins/com.nxp.mcuxpresso.tools.win32_11.7.1.202301190959/tools/bin/../lib/gcc/arm-none-eabi/10.3.1/../../../../arm-none-eabi/lib/thumb/v6-m/nofp\libcr_c.a(_fflush.o)
                                                  g:/works/canhan/fsoft/sw/nxp/mcuxpressoide_11.7.1_9221/ide/plugins/com.nxp.mcuxpresso.tools.win32_11.7.1.202301190959/tools/bin/../lib/gcc/arm-none-eabi/10.3.1/../../../../arm-none-eabi/lib/thumb/v6-m/nofp\libcr_c.a(_deferredlazyseek.o)
                                                  g:/works/canhan/fsoft/sw/nxp/mcuxpressoide_11.7.1_9221/ide/plugins/com.nxp.mcuxpresso.tools.win32_11.7.1.202301190959/tools/bin/../lib/gcc/arm-none-eabi/10.3.1/../../../../arm-none-eabi/lib/thumb/v6-m/nofp\libcr_c.a(_do_fflush.o)
_init_alloc                                       g:/works/canhan/fsoft/sw/nxp/mcuxpressoide_11.7.1_9221/ide/plugins/com.nxp.mcuxpresso.tools.win32_11.7.1.202301190959/tools/bin/../lib/gcc/arm-none-eabi/10.3.1/../../../../arm-none-eabi/lib/thumb/v6-m/nofp\libcr_c.a(__init_alloc.o)
_initio                                           g:/works/canhan/fsoft/sw/nxp/mcuxpressoide_11.7.1_9221/ide/plugins/com.nxp.mcuxpresso.tools.win32_11.7.1.202301190959/tools/bin/../lib/gcc/arm-none-eabi/10.3.1/../../../../arm-none-eabi/lib/thumb/v6-m/nofp\libcr_c.a(initio.o)
                                                  g:/works/canhan/fsoft/sw/nxp/mcuxpressoide_11.7.1_9221/ide/plugins/com.nxp.mcuxpresso.tools.win32_11.7.1.202301190959/tools/bin/../lib/gcc/arm-none-eabi/10.3.1/../../../../arm-none-eabi/lib/thumb/v6-m/nofp\libcr_nohost_nf.a(_cr__main.o)
_pvHeapLimit                                      g:/works/canhan/fsoft/sw/nxp/mcuxpressoide_11.7.1_9221/ide/plugins/com.nxp.mcuxpresso.tools.win32_11.7.1.202301190959/tools/bin/../lib/gcc/arm-none-eabi/10.3.1/../../../../arm-none-eabi/lib/thumb/v6-m/nofp\libcr_c.a(_cr_check_heap.o)
_pvHeapStart                                      g:/works/canhan/fsoft/sw/nxp/mcuxpressoide_11.7.1_9221/ide/plugins/com.nxp.mcuxpresso.tools.win32_11.7.1.202301190959/tools/bin/../lib/gcc/arm-none-eabi/10.3.1/../../../../arm-none-eabi/lib/thumb/v6-m/nofp\libcr_c.a(_cr_sbrk.o)
_sbrk                                             g:/works/canhan/fsoft/sw/nxp/mcuxpressoide_11.7.1_9221/ide/plugins/com.nxp.mcuxpresso.tools.win32_11.7.1.202301190959/tools/bin/../lib/gcc/arm-none-eabi/10.3.1/../../../../arm-none-eabi/lib/thumb/v6-m/nofp\libcr_c.a(_cr_sbrk.o)
                                                  g:/works/canhan/fsoft/sw/nxp/mcuxpressoide_11.7.1_9221/ide/plugins/com.nxp.mcuxpresso.tools.win32_11.7.1.202301190959/tools/bin/../lib/gcc/arm-none-eabi/10.3.1/../../../../arm-none-eabi/lib/thumb/v6-m/nofp\libcr_c.a(alloc.o)
_terminateio                                      g:/works/canhan/fsoft/sw/nxp/mcuxpressoide_11.7.1_9221/ide/plugins/com.nxp.mcuxpresso.tools.win32_11.7.1.202301190959/tools/bin/../lib/gcc/arm-none-eabi/10.3.1/../../../../arm-none-eabi/lib/thumb/v6-m/nofp\libcr_c.a(initio.o)
_vStackTop                                        ./startup/startup_mke16z4.o
bss_init                                          ./startup/startup_mke16z4.o
calloc                                            g:/works/canhan/fsoft/sw/nxp/mcuxpressoide_11.7.1_9221/ide/plugins/com.nxp.mcuxpresso.tools.win32_11.7.1.202301190959/tools/bin/../lib/gcc/arm-none-eabi/10.3.1/../../../../arm-none-eabi/lib/thumb/v6-m/nofp\libcr_c.a(alloc.o)
count                                             ./source/LPIT.o
data_init                                         ./startup/startup_mke16z4.o
errno                                             g:/works/canhan/fsoft/sw/nxp/mcuxpressoide_11.7.1_9221/ide/plugins/com.nxp.mcuxpresso.tools.win32_11.7.1.202301190959/tools/bin/../lib/gcc/arm-none-eabi/10.3.1/../../../../arm-none-eabi/lib/thumb/v6-m/nofp\libcr_c.a(errno.o)
                                                  g:/works/canhan/fsoft/sw/nxp/mcuxpressoide_11.7.1_9221/ide/plugins/com.nxp.mcuxpresso.tools.win32_11.7.1.202301190959/tools/bin/../lib/gcc/arm-none-eabi/10.3.1/../../../../arm-none-eabi/lib/thumb/v6-m/nofp\libcr_c.a(_cr_sbrk.o)
                                                  g:/works/canhan/fsoft/sw/nxp/mcuxpressoide_11.7.1_9221/ide/plugins/com.nxp.mcuxpresso.tools.win32_11.7.1.202301190959/tools/bin/../lib/gcc/arm-none-eabi/10.3.1/../../../../arm-none-eabi/lib/thumb/v6-m/nofp\libcr_c.a(ftell.o)
fclose                                            g:/works/canhan/fsoft/sw/nxp/mcuxpressoide_11.7.1_9221/ide/plugins/com.nxp.mcuxpresso.tools.win32_11.7.1.202301190959/tools/bin/../lib/gcc/arm-none-eabi/10.3.1/../../../../arm-none-eabi/lib/thumb/v6-m/nofp\libcr_c.a(fclose.o)
                                                  g:/works/canhan/fsoft/sw/nxp/mcuxpressoide_11.7.1_9221/ide/plugins/com.nxp.mcuxpresso.tools.win32_11.7.1.202301190959/tools/bin/../lib/gcc/arm-none-eabi/10.3.1/../../../../arm-none-eabi/lib/thumb/v6-m/nofp\libcr_c.a(_fdopen.o)
                                                  g:/works/canhan/fsoft/sw/nxp/mcuxpressoide_11.7.1_9221/ide/plugins/com.nxp.mcuxpresso.tools.win32_11.7.1.202301190959/tools/bin/../lib/gcc/arm-none-eabi/10.3.1/../../../../arm-none-eabi/lib/thumb/v6-m/nofp\libcr_c.a(initio.o)
fflush                                            g:/works/canhan/fsoft/sw/nxp/mcuxpressoide_11.7.1_9221/ide/plugins/com.nxp.mcuxpresso.tools.win32_11.7.1.202301190959/tools/bin/../lib/gcc/arm-none-eabi/10.3.1/../../../../arm-none-eabi/lib/thumb/v6-m/nofp\libcr_c.a(fflush.o)
                                                  g:/works/canhan/fsoft/sw/nxp/mcuxpressoide_11.7.1_9221/ide/plugins/com.nxp.mcuxpresso.tools.win32_11.7.1.202301190959/tools/bin/../lib/gcc/arm-none-eabi/10.3.1/../../../../arm-none-eabi/lib/thumb/v6-m/nofp\libcr_c.a(fclose.o)
free                                              g:/works/canhan/fsoft/sw/nxp/mcuxpressoide_11.7.1_9221/ide/plugins/com.nxp.mcuxpresso.tools.win32_11.7.1.202301190959/tools/bin/../lib/gcc/arm-none-eabi/10.3.1/../../../../arm-none-eabi/lib/thumb/v6-m/nofp\libcr_c.a(alloc.o)
                                                  g:/works/canhan/fsoft/sw/nxp/mcuxpressoide_11.7.1_9221/ide/plugins/com.nxp.mcuxpresso.tools.win32_11.7.1.202301190959/tools/bin/../lib/gcc/arm-none-eabi/10.3.1/../../../../arm-none-eabi/lib/thumb/v6-m/nofp\libcr_c.a(fclose.o)
fseek                                             g:/works/canhan/fsoft/sw/nxp/mcuxpressoide_11.7.1_9221/ide/plugins/com.nxp.mcuxpresso.tools.win32_11.7.1.202301190959/tools/bin/../lib/gcc/arm-none-eabi/10.3.1/../../../../arm-none-eabi/lib/thumb/v6-m/nofp\libcr_c.a(fseek.o)
                                                  g:/works/canhan/fsoft/sw/nxp/mcuxpressoide_11.7.1_9221/ide/plugins/com.nxp.mcuxpresso.tools.win32_11.7.1.202301190959/tools/bin/../lib/gcc/arm-none-eabi/10.3.1/../../../../arm-none-eabi/lib/thumb/v6-m/nofp\libcr_c.a(_deferredlazyseek.o)
                                                  g:/works/canhan/fsoft/sw/nxp/mcuxpressoide_11.7.1_9221/ide/plugins/com.nxp.mcuxpresso.tools.win32_11.7.1.202301190959/tools/bin/../lib/gcc/arm-none-eabi/10.3.1/../../../../arm-none-eabi/lib/thumb/v6-m/nofp\libcr_c.a(_do_fflush.o)
                                                  g:/works/canhan/fsoft/sw/nxp/mcuxpressoide_11.7.1_9221/ide/plugins/com.nxp.mcuxpresso.tools.win32_11.7.1.202301190959/tools/bin/../lib/gcc/arm-none-eabi/10.3.1/../../../../arm-none-eabi/lib/thumb/v6-m/nofp\libcr_c.a(_fdopen.o)
ftell                                             g:/works/canhan/fsoft/sw/nxp/mcuxpressoide_11.7.1_9221/ide/plugins/com.nxp.mcuxpresso.tools.win32_11.7.1.202301190959/tools/bin/../lib/gcc/arm-none-eabi/10.3.1/../../../../arm-none-eabi/lib/thumb/v6-m/nofp\libcr_c.a(ftell.o)
                                                  g:/works/canhan/fsoft/sw/nxp/mcuxpressoide_11.7.1_9221/ide/plugins/com.nxp.mcuxpresso.tools.win32_11.7.1.202301190959/tools/bin/../lib/gcc/arm-none-eabi/10.3.1/../../../../arm-none-eabi/lib/thumb/v6-m/nofp\libcr_c.a(fseek.o)
g_pfnVectors                                      ./startup/startup_mke16z4.o
init                                              ./source/LPIT.o
main                                              ./source/LPIT.o
                                                  g:/works/canhan/fsoft/sw/nxp/mcuxpressoide_11.7.1_9221/ide/plugins/com.nxp.mcuxpresso.tools.win32_11.7.1.202301190959/tools/bin/../lib/gcc/arm-none-eabi/10.3.1/../../../../arm-none-eabi/lib/thumb/v6-m/nofp\libcr_nohost_nf.a(_cr__main.o)
malloc                                            g:/works/canhan/fsoft/sw/nxp/mcuxpressoide_11.7.1_9221/ide/plugins/com.nxp.mcuxpresso.tools.win32_11.7.1.202301190959/tools/bin/../lib/gcc/arm-none-eabi/10.3.1/../../../../arm-none-eabi/lib/thumb/v6-m/nofp\libcr_c.a(alloc.o)
memcpy                                            g:/works/canhan/fsoft/sw/nxp/mcuxpressoide_11.7.1_9221/ide/plugins/com.nxp.mcuxpresso.tools.win32_11.7.1.202301190959/tools/bin/../lib/gcc/arm-none-eabi/10.3.1/../../../../arm-none-eabi/lib/thumb/v6-m/nofp\libcr_c.a(memcpy.o)
                                                  g:/works/canhan/fsoft/sw/nxp/mcuxpressoide_11.7.1_9221/ide/plugins/com.nxp.mcuxpresso.tools.win32_11.7.1.202301190959/tools/bin/../lib/gcc/arm-none-eabi/10.3.1/../../../../arm-none-eabi/lib/thumb/v6-m/nofp\libcr_c.a(alloc.o)
memset                                            g:/works/canhan/fsoft/sw/nxp/mcuxpressoide_11.7.1_9221/ide/plugins/com.nxp.mcuxpresso.tools.win32_11.7.1.202301190959/tools/bin/../lib/gcc/arm-none-eabi/10.3.1/../../../../arm-none-eabi/lib/thumb/v6-m/nofp\libcr_c.a(memset.o)
                                                  g:/works/canhan/fsoft/sw/nxp/mcuxpressoide_11.7.1_9221/ide/plugins/com.nxp.mcuxpresso.tools.win32_11.7.1.202301190959/tools/bin/../lib/gcc/arm-none-eabi/10.3.1/../../../../arm-none-eabi/lib/thumb/v6-m/nofp\libcr_c.a(alloc.o)
                                                  g:/works/canhan/fsoft/sw/nxp/mcuxpressoide_11.7.1_9221/ide/plugins/com.nxp.mcuxpresso.tools.win32_11.7.1.202301190959/tools/bin/../lib/gcc/arm-none-eabi/10.3.1/../../../../arm-none-eabi/lib/thumb/v6-m/nofp\libcr_c.a(fclose.o)
realloc                                           g:/works/canhan/fsoft/sw/nxp/mcuxpressoide_11.7.1_9221/ide/plugins/com.nxp.mcuxpresso.tools.win32_11.7.1.202301190959/tools/bin/../lib/gcc/arm-none-eabi/10.3.1/../../../../arm-none-eabi/lib/thumb/v6-m/nofp\libcr_c.a(alloc.o)
remove                                            g:/works/canhan/fsoft/sw/nxp/mcuxpressoide_11.7.1_9221/ide/plugins/com.nxp.mcuxpresso.tools.win32_11.7.1.202301190959/tools/bin/../lib/gcc/arm-none-eabi/10.3.1/../../../../arm-none-eabi/lib/thumb/v6-m/nofp\libcr_c.a(remove.o)
                                                  g:/works/canhan/fsoft/sw/nxp/mcuxpressoide_11.7.1_9221/ide/plugins/com.nxp.mcuxpresso.tools.win32_11.7.1.202301190959/tools/bin/../lib/gcc/arm-none-eabi/10.3.1/../../../../arm-none-eabi/lib/thumb/v6-m/nofp\libcr_c.a(fclose.o)
rename                                            g:/works/canhan/fsoft/sw/nxp/mcuxpressoide_11.7.1_9221/ide/plugins/com.nxp.mcuxpresso.tools.win32_11.7.1.202301190959/tools/bin/../lib/gcc/arm-none-eabi/10.3.1/../../../../arm-none-eabi/lib/thumb/v6-m/nofp\libcr_c.a(remove.o)
setvbuf                                           g:/works/canhan/fsoft/sw/nxp/mcuxpressoide_11.7.1_9221/ide/plugins/com.nxp.mcuxpresso.tools.win32_11.7.1.202301190959/tools/bin/../lib/gcc/arm-none-eabi/10.3.1/../../../../arm-none-eabi/lib/thumb/v6-m/nofp\libcr_c.a(setvbuf.o)
                                                  g:/works/canhan/fsoft/sw/nxp/mcuxpressoide_11.7.1_9221/ide/plugins/com.nxp.mcuxpresso.tools.win32_11.7.1.202301190959/tools/bin/../lib/gcc/arm-none-eabi/10.3.1/../../../../arm-none-eabi/lib/thumb/v6-m/nofp\libcr_c.a(initio.o)
strlen                                            g:/works/canhan/fsoft/sw/nxp/mcuxpressoide_11.7.1_9221/ide/plugins/com.nxp.mcuxpresso.tools.win32_11.7.1.202301190959/tools/bin/../lib/gcc/arm-none-eabi/10.3.1/../../../../arm-none-eabi/lib/thumb/v6-m/nofp\libcr_c.a(strlen.o)
                                                  g:/works/canhan/fsoft/sw/nxp/mcuxpressoide_11.7.1_9221/ide/plugins/com.nxp.mcuxpresso.tools.win32_11.7.1.202301190959/tools/bin/../lib/gcc/arm-none-eabi/10.3.1/../../../../arm-none-eabi/lib/thumb/v6-m/nofp\libcr_c.a(remove.o)
